 ShevTest

 Timestamp is 5f1070a4 (Thu Jul 16 18:22:12 2020)

 Preferred load address is 00400000

 Start         Length     Name                   Class
 0001:00000000 000064aaH .text                   CODE
 0001:000064b0 000001c5H .text$x                 CODE
 0002:00000000 0000126cH .rdata                  DATA
 0002:00001270 00000260H .xdata$x                DATA
 0002:000014d0 00000000H .edata                  DATA
 0003:00000000 00000004H .CRT$XCA                DATA
 0003:00000004 00000004H .CRT$XCL                DATA
 0003:00000008 00000210H .CRT$XCU                DATA
 0003:00000218 00000004H .CRT$XCZ                DATA
 0003:0000021c 00000004H .CRT$XIA                DATA
 0003:00000220 00000004H .CRT$XIZ                DATA
 0003:00000230 00000194H .data                   DATA
 0003:000003c8 00001ed8H .bss                    DATA
 0004:00000000 00000078H .idata$2                DATA
 0004:00000078 00000014H .idata$3                DATA
 0004:0000008c 00000428H .idata$4                DATA
 0004:000004b4 00000428H .idata$5                DATA
 0004:000008dc 0000035cH .idata$6                DATA
 0005:00000000 000005c8H .rsrc$01                DATA
 0005:000005d0 00002890H .rsrc$02                DATA

  Address         Publics by Value              Rva+Base     Lib:Object

 0001:00000000       ??0DisplayPanel@@QAE@PAVCWnd@@@Z 00401000 f   DisplayPanel.obj
 0001:00000090       ?AssertValid@CObject@@UBEXXZ 00401090 f i DisplayPanel.obj
 0001:000000a0       ?DoDataExchange@CWnd@@MAEXPAVCDataExchange@@@Z 004010a0 f i DisplayPanel.obj
 0001:000000a0       ?Dump@CObject@@UBEXAAVCDumpContext@@@Z 004010a0 f i DisplayPanel.obj
 0001:000000a0       ?Serialize@CObject@@UAEXAAVCArchive@@@Z 004010a0 f i DisplayPanel.obj
 0001:000000b0       ?BeginModalState@CWnd@@UAEXXZ 004010b0 f i DisplayPanel.obj
 0001:000000c0       ?EndModalState@CWnd@@UAEXXZ 004010c0 f i DisplayPanel.obj
 0001:000000d0       ??_GCEdit@@UAEPAXI@Z       004010d0 f i DisplayPanel.obj
 0001:000000d0       ??_ECEdit@@UAEPAXI@Z       004010d0 f i DisplayPanel.obj
 0001:000000f0       ??_GDisplayPanel@@UAEPAXI@Z 004010f0 f i DisplayPanel.obj
 0001:000000f0       ??_EDisplayPanel@@UAEPAXI@Z 004010f0 f i DisplayPanel.obj
 0001:00000110       ??1DisplayPanel@@UAE@XZ    00401110 f i DisplayPanel.obj
 0001:00000170       ?DoDataExchange@DisplayPanel@@MAEXPAVCDataExchange@@@Z 00401170 f   DisplayPanel.obj
 0001:000001a0       ?GetMessageMap@DisplayPanel@@MBEPBUAFX_MSGMAP@@XZ 004011a0 f   DisplayPanel.obj
 0001:000001b0       ?OnClose@DisplayPanel@@IAEXXZ 004011b0 f   DisplayPanel.obj
 0001:000001d0       ?OnSize@DisplayPanel@@IAEXIHH@Z 004011d0 f   DisplayPanel.obj
 0001:00000240       ?write@DisplayFile@@UAEIPBXII@Z 00401240 f   DisplayPanel.obj
 0001:00000290       ?putc@DisplayFile@@UAE_NPBX@Z 00401290 f   DisplayPanel.obj
 0001:00000310       ?flush@DisplayFile@@UAEXXZ 00401310 f   DisplayPanel.obj
 0001:00000410       ??1DisplayFile@@UAE@XZ     00401410 f i DisplayPanel.obj
 0001:00000460       ??1IWriteFile@@UAE@XZ      00401460 f i DisplayPanel.obj
 0001:00000470       ??_EIWriteFile@@UAEPAXI@Z  00401470 f i DisplayPanel.obj
 0001:00000470       ??_GIWriteFile@@UAEPAXI@Z  00401470 f i DisplayPanel.obj
 0001:00000490       ??0DisplayFile@@QAE@XZ     00401490 f i DisplayPanel.obj
 0001:000004b0       ??_GDisplayFile@@UAEPAXI@Z 004014b0 f i DisplayPanel.obj
 0001:000004b0       ??_EDisplayFile@@UAEPAXI@Z 004014b0 f i DisplayPanel.obj
 0001:000004f0       ?resizeAndCopy@?$Suite@D@@EAEXI@Z 004014f0 f i DisplayPanel.obj
 0001:000005f0       ?CreateObject@CMainFrame@@SGPAVCObject@@XZ 004015f0 f   MainFrm.obj
 0001:00000650       ??3CObject@@SGXPAX@Z       00401650 f i MainFrm.obj
 0001:00000660       ?_GetBaseClass@CMainFrame@@KGPAUCRuntimeClass@@XZ 00401660 f   MainFrm.obj
 0001:00000670       ?GetRuntimeClass@CMainFrame@@UBEPAUCRuntimeClass@@XZ 00401670 f   MainFrm.obj
 0001:00000680       ?_GetBaseMessageMap@CMainFrame@@KGPBUAFX_MSGMAP@@XZ 00401680 f   MainFrm.obj
 0001:00000690       ?GetMessageMap@CMainFrame@@MBEPBUAFX_MSGMAP@@XZ 00401690 f   MainFrm.obj
 0001:000006a0       ??0CMainFrame@@IAE@XZ      004016a0 f   MainFrm.obj
 0001:00000740       ??_GCMainFrame@@UAEPAXI@Z  00401740 f i MainFrm.obj
 0001:00000740       ??_ECMainFrame@@UAEPAXI@Z  00401740 f i MainFrm.obj
 0001:00000760       ??1CMainFrame@@UAE@XZ      00401760 f   MainFrm.obj
 0001:000007d0       ?OnCreate@CMainFrame@@IAEHPAUtagCREATESTRUCTA@@@Z 004017d0 f   MainFrm.obj
 0001:000008a0       ?PreCreateWindow@CMainFrame@@UAEHAAUtagCREATESTRUCTA@@@Z 004018a0 f   MainFrm.obj
 0001:000008c0       ?OnReset@CMainFrame@@IAEXXZ 004018c0 f   MainFrm.obj
 0001:000008d0       ?OnRotXCcw@CMainFrame@@IAEXXZ 004018d0 f   MainFrm.obj
 0001:00000900       ?OnRotXCw@CMainFrame@@IAEXXZ 00401900 f   MainFrm.obj
 0001:00000930       ?OnRotYCcw@CMainFrame@@IAEXXZ 00401930 f   MainFrm.obj
 0001:00000960       ?OnRotYCw@CMainFrame@@IAEXXZ 00401960 f   MainFrm.obj
 0001:00000990       ?OnRotZCcw@CMainFrame@@IAEXXZ 00401990 f   MainFrm.obj
 0001:000009c0       ?OnRotZCw@CMainFrame@@IAEXXZ 004019c0 f   MainFrm.obj
 0001:000009f0       ?OnZoomIn@CMainFrame@@IAEXXZ 004019f0 f   MainFrm.obj
 0001:00000a10       ?OnZoomOut@CMainFrame@@IAEXXZ 00401a10 f   MainFrm.obj
 0001:00000a30       ?OnMovXm@CMainFrame@@IAEXXZ 00401a30 f   MainFrm.obj
 0001:00000a60       ?OnMovXp@CMainFrame@@IAEXXZ 00401a60 f   MainFrm.obj
 0001:00000a90       ?OnMovYm@CMainFrame@@IAEXXZ 00401a90 f   MainFrm.obj
 0001:00000ac0       ?OnMovYp@CMainFrame@@IAEXXZ 00401ac0 f   MainFrm.obj
 0001:00000af0       ?OnMovZm@CMainFrame@@IAEXXZ 00401af0 f   MainFrm.obj
 0001:00000b20       ?OnMovZp@CMainFrame@@IAEXXZ 00401b20 f   MainFrm.obj
 0001:00000b50       ?OnTest@CMainFrame@@IAEXXZ 00401b50 f   MainFrm.obj
 0001:00000b60       ?_GetBaseMessageMap@CShevTestApp@@KGPBUAFX_MSGMAP@@XZ 00401b60 f   ShevTest.obj
 0001:00000b70       ?GetMessageMap@CShevTestApp@@MBEPBUAFX_MSGMAP@@XZ 00401b70 f   ShevTest.obj
 0001:00000b80       ??0CShevTestApp@@QAE@XZ    00401b80 f   ShevTest.obj
 0001:00000ba0       ??_GCShevTestApp@@UAEPAXI@Z 00401ba0 f i ShevTest.obj
 0001:00000ba0       ??_ECShevTestApp@@UAEPAXI@Z 00401ba0 f i ShevTest.obj
 0001:00000bc0       ??1CShevTestApp@@UAE@XZ    00401bc0 f i ShevTest.obj
 0001:00000c10       ?InitInstance@CShevTestApp@@UAEHXZ 00401c10 f   ShevTest.obj
 0001:00000d20       ??0CAboutDlg@@QAE@XZ       00401d20 f   ShevTest.obj
 0001:00000d40       ??_ECAboutDlg@@UAEPAXI@Z   00401d40 f i ShevTest.obj
 0001:00000d40       ??_GCAboutDlg@@UAEPAXI@Z   00401d40 f i ShevTest.obj
 0001:00000d60       ??1CAboutDlg@@UAE@XZ       00401d60 f i ShevTest.obj
 0001:00000d70       ?_GetBaseMessageMap@DisplayPanel@@KGPBUAFX_MSGMAP@@XZ 00401d70 f   ShevTest.obj
 0001:00000d70       ?_GetBaseMessageMap@CAboutDlg@@KGPBUAFX_MSGMAP@@XZ 00401d70 f   ShevTest.obj
 0001:00000d80       ?GetMessageMap@CAboutDlg@@MBEPBUAFX_MSGMAP@@XZ 00401d80 f   ShevTest.obj
 0001:00000d90       ?OnAppAbout@CShevTestApp@@QAEXXZ 00401d90 f   ShevTest.obj
 0001:00000df0       ?CreateObject@CShevTestDoc@@SGPAVCObject@@XZ 00401df0 f   ShevTestDoc.obj
 0001:00000e50       ?_GetBaseClass@CShevTestDoc@@KGPAUCRuntimeClass@@XZ 00401e50 f   ShevTestDoc.obj
 0001:00000e60       ?GetRuntimeClass@CShevTestDoc@@UBEPAUCRuntimeClass@@XZ 00401e60 f   ShevTestDoc.obj
 0001:00000e70       ?_GetBaseMessageMap@CShevTestDoc@@KGPBUAFX_MSGMAP@@XZ 00401e70 f   ShevTestDoc.obj
 0001:00000e80       ?GetMessageMap@CShevTestDoc@@MBEPBUAFX_MSGMAP@@XZ 00401e80 f   ShevTestDoc.obj
 0001:00000e90       ??0CShevTestDoc@@IAE@XZ    00401e90 f   ShevTestDoc.obj
 0001:00000eb0       ?IsModified@CDocument@@UAEHXZ 00401eb0 f i ShevTestDoc.obj
 0001:00000ec0       ?SetModifiedFlag@CDocument@@UAEXH@Z 00401ec0 f i ShevTestDoc.obj
 0001:00000ed0       ??_ECShevTestDoc@@UAEPAXI@Z 00401ed0 f i ShevTestDoc.obj
 0001:00000ed0       ??_GCShevTestDoc@@UAEPAXI@Z 00401ed0 f i ShevTestDoc.obj
 0001:00000ef0       ??1CShevTestDoc@@UAE@XZ    00401ef0 f   ShevTestDoc.obj
 0001:00000f00       ?OnNewDocument@CShevTestDoc@@UAEHXZ 00401f00 f   ShevTestDoc.obj
 0001:00000f10       ?CreateObject@CShevTestView@@SGPAVCObject@@XZ 00401f10 f   ShevTestView.obj
 0001:00000f70       ?_GetBaseClass@CShevTestView@@KGPAUCRuntimeClass@@XZ 00401f70 f   ShevTestView.obj
 0001:00000f80       ?GetRuntimeClass@CShevTestView@@UBEPAUCRuntimeClass@@XZ 00401f80 f   ShevTestView.obj
 0001:00000f90       ?_GetBaseMessageMap@CShevTestView@@KGPBUAFX_MSGMAP@@XZ 00401f90 f   ShevTestView.obj
 0001:00000fa0       ?GetMessageMap@CShevTestView@@MBEPBUAFX_MSGMAP@@XZ 00401fa0 f   ShevTestView.obj
 0001:00000fb0       ??0CShevTestView@@IAE@XZ   00401fb0 f   ShevTestView.obj
 0001:00000fd0       ??_ECShevTestView@@UAEPAXI@Z 00401fd0 f i ShevTestView.obj
 0001:00000fd0       ??_GCShevTestView@@UAEPAXI@Z 00401fd0 f i ShevTestView.obj
 0001:00000ff0       ??1CShevTestView@@UAE@XZ   00401ff0 f   ShevTestView.obj
 0001:00001050       ?PreCreateWindow@CShevTestView@@UAEHAAUtagCREATESTRUCTA@@@Z 00402050 f   ShevTestView.obj
 0001:00001070       ?OnCreate@CShevTestView@@IAEHPAUtagCREATESTRUCTA@@@Z 00402070 f   ShevTestView.obj
 0001:00001250       ?OnDraw@CShevTestView@@UAEXPAVCDC@@@Z 00402250 f   ShevTestView.obj
 0001:00001290       ?OnPreparePrinting@CShevTestView@@MAEHPAUCPrintInfo@@@Z 00402290 f   ShevTestView.obj
 0001:000012a0       ?OnBeginPrinting@CShevTestView@@MAEXPAVCDC@@PAUCPrintInfo@@@Z 004022a0 f   ShevTestView.obj
 0001:000012a0       ?OnEndPrinting@CShevTestView@@MAEXPAVCDC@@PAUCPrintInfo@@@Z 004022a0 f   ShevTestView.obj
 0001:000012b0       ?OnSize@CShevTestView@@IAEXIHH@Z 004022b0 f   ShevTestView.obj
 0001:00001350       ?OnEraseBkgnd@CShevTestView@@IAEHPAVCDC@@@Z 00402350 f   ShevTestView.obj
 0001:00001360       ?OnLButtonDown@CShevTestView@@IAEXIVCPoint@@@Z 00402360 f   ShevTestView.obj
 0001:00001360       ?OnRButtonDown@CShevTestView@@IAEXIVCPoint@@@Z 00402360 f   ShevTestView.obj
 0001:00001380       ?OnLButtonUp@CShevTestView@@IAEXIVCPoint@@@Z 00402380 f   ShevTestView.obj
 0001:00001380       ?OnRButtonUp@CShevTestView@@IAEXIVCPoint@@@Z 00402380 f   ShevTestView.obj
 0001:00001390       ?OnMouseMove@CShevTestView@@IAEXIVCPoint@@@Z 00402390 f   ShevTestView.obj
 0001:00001490       ?reset@CShevTestView@@QAEXXZ 00402490 f   ShevTestView.obj
 0001:000014c0       ?scale@CShevTestView@@QAEXN@Z 004024c0 f   ShevTestView.obj
 0001:00001530       ?rotate@CShevTestView@@QAEXNNNN@Z 00402530 f   ShevTestView.obj
 0001:000015d0       ?move@CShevTestView@@QAEXNNN@Z 004025d0 f   ShevTestView.obj
 0001:00001b80       ?getEps@?%D:\PROJECTS\ShevTest\Shev\opti1d.cpp1291226214@@YANXZ 00402b80 f   opti1d.obj
 0001:00001b80       ?getEps@?%D:\PROJECTS\ShevTest\Shev\Mathem.cpp275403@@YANXZ 00402b80 f   opti1d.obj
 0001:00002030       ?writeInt@@YAXAAV?$SuiteRef@D@@_H1_N2@Z 00403030 f   printf.obj
 0001:000022c0       ??0?$ArrRef@D@@QAE@ABV0@@Z 004032c0 f i printf.obj
 0001:000022e0       ?writeInt@@YAXAAV?$SuiteRef@D@@_I_H_N3@Z 004032e0 f   printf.obj
 0001:000024a0       ?writeHex@@YAXAAV?$SuiteRef@D@@_I_HD_N@Z 004034a0 f   printf.obj
 0001:000025e0       ?copy@@YAXNAAV?$Suite@_I@@@Z 004035e0 f   printf.obj
 0001:00002750       ?divide10@@YA_IV?$ArrRef@_I@@@Z 00403750 f   printf.obj
 0001:000027a0       ?writeFltDec_@@YAXAAV?$SuiteRef@D@@N_I_N2@Z 004037a0 f   printf.obj
 0001:00002b40       ?fpclass@@YA?AW4FPCLASS@@ABN@Z 00403b40 f   printf.obj
 0001:00002ba0       ?writeFltDec@@YAXAAV?$SuiteRef@D@@N_I_N@Z 00403ba0 f   printf.obj
 0001:00002c50       ?writeExpDec@@YAXAAV?$SuiteRef@D@@N_I_N@Z 00403c50 f   printf.obj
 0001:00002e80       ?printf@@YA_NAAVIWriteFile@@PBDZZ 00403e80 f   printf.obj
 0001:00003860       ??0?$ArrRef@D@@QAE@V0@II@Z 00404860 f i printf.obj
 0001:00003890       ?resizeAndCopy@?$Suite@_I@@EAEXI@Z 00404890 f i printf.obj
 0001:00003910       ??1?$Suite@_I@@QAE@XZ      00404910 f i printf.obj
 0001:00003930       ?resize@?$SuiteRef@D@@UAEAAV?$DynArrRef@D@@I@Z 00404930 f i printf.obj
 0001:00003930       ?resize@?$SuiteRef@_I@@UAEAAV?$DynArrRef@_I@@I@Z 00404930 f i printf.obj
 0001:00003960       ?resizeAndCopy@?$CmbSuite@D$08@@EAEXI@Z 00404960 f i printf.obj
 0001:000039e0       ??1?$CmbSuite@D$08@@QAE@XZ 004049e0 f i printf.obj
 0001:00003a00       ?inc@?$SuiteRef@D@@QAEAAV1@I@Z 00404a00 f i printf.obj
 0001:00003a30       ??0?$DynArrRef@D@@IAE@PADI@Z 00404a30 f i printf.obj
 0001:00003a50       ??0?$DynArrRef@_I@@IAE@PA_II@Z 00404a50 f i printf.obj
 0001:00003a70       ??_3@YAAAV?$ArrRef@_I@@AAV0@I@Z 00404a70 f i printf.obj
 0001:00003c50       ??_2@YAAAV?$ArrRef@D@@AAV0@I@Z 00404c50 f i printf.obj
 0001:00003dd0       ??1?$CmbArray@_I$0EA@@@QAE@XZ 00404dd0 f i printf.obj
 0001:00003df0       ?resize@?$CmbArray@_I$0EA@@@UAEAAV?$DynArrRef@_I@@I@Z 00404df0 f i printf.obj
 0001:00003e40       ??0?$CmbArray@D$0EA@@@QAE@I@Z 00404e40 f i printf.obj
 0001:00003e80       ??1?$CmbArray@D$0EA@@@QAE@XZ 00404e80 f i printf.obj
 0001:00003ea0       ?resize@?$CmbArray@D$0EA@@@UAEAAV?$DynArrRef@D@@I@Z 00404ea0 f i printf.obj
 0001:00003ee0       ??_3@YAAAV?$ArrRef@D@@AAV0@I@Z 00404ee0 f i printf.obj
 0001:00004130       ??RAlter@SL@@UAEXPAVShevItem@1@@Z 00405130 f   ShevList.obj
 0001:00004130       ?DoDataExchange@CAboutDlg@@MAEXPAVCDataExchange@@@Z 00405130 f   ShevList.obj
 0001:00004130       ?Serialize@CShevTestDoc@@UAEXAAVCArchive@@@Z 00405130 f   ShevList.obj
 0001:000048c0       ?func0@?%D:\PROJECTS\ShevTest\Test\calc_test.cpp729621739@@YANN@Z 004058c0 f   calc_test.obj
 0001:00004940       ?func1@?%D:\PROJECTS\ShevTest\Test\calc_test.cpp729621739@@YANN@Z 00405940 f   calc_test.obj
 0001:000049f0       ?func_test@?%D:\PROJECTS\ShevTest\Test\calc_test.cpp729621739@@YAXXZ 004059f0 f   calc_test.obj
 0001:00004b20       ?calc_test@@YAXXZ          00405b20 f   calc_test.obj
 0001:00004bc0       ??6Display@@QAEAAV0@N@Z    00405bc0 f   Display.obj
 0001:00004c70       ??6Display@@QAEAAV0@ABV0@@Z 00405c70 f   Display.obj
 0001:00005c40       ?SetOccDialogInfo@CWnd@@MAEHPAU_AFX_OCC_DIALOG_INFO@@@Z 00406c40 f   mfc42:MFC42.DLL
 0001:00005c46       ?CheckAutoCenter@CWnd@@UAEHXZ 00406c46 f   mfc42:MFC42.DLL
 0001:00005c4c       ?PreTranslateMessage@CWnd@@UAEHPAUtagMSG@@@Z 00406c4c f   mfc42:MFC42.DLL
 0001:00005c52       ?GetMessageMap@CWnd@@MBEPBUAFX_MSGMAP@@XZ 00406c52 f   mfc42:MFC42.DLL
 0001:00005c58       ?OnCmdMsg@CCmdTarget@@UAEHIHPAXPAUAFX_CMDHANDLERINFO@@@Z 00406c58 f   mfc42:MFC42.DLL
 0001:00005c5e       ?GetRuntimeClass@CEdit@@UBEPAUCRuntimeClass@@XZ 00406c5e f   mfc42:MFC42.DLL
 0001:00005c64       ?PreInitDialog@CDialog@@MAEXXZ 00406c64 f   mfc42:MFC42.DLL
 0001:00005c6a       ?OnCancel@CDialog@@MAEXXZ  00406c6a f   mfc42:MFC42.DLL
 0001:00005c70       ?OnOK@CDialog@@MAEXXZ      00406c70 f   mfc42:MFC42.DLL
 0001:00005c76       ?OnSetFont@CDialog@@UAEXPAVCFont@@@Z 00406c76 f   mfc42:MFC42.DLL
 0001:00005c7c       ?OnInitDialog@CDialog@@UAEHXZ 00406c7c f   mfc42:MFC42.DLL
 0001:00005c82       ?DoModal@CDialog@@UAEHXZ   00406c82 f   mfc42:MFC42.DLL
 0001:00005c88       ?SetOccDialogInfo@CDialog@@MAEHPAU_AFX_OCC_DIALOG_INFO@@@Z 00406c88 f   mfc42:MFC42.DLL
 0001:00005c8e       ?IsFrameWnd@CWnd@@UBEHXZ   00406c8e f   mfc42:MFC42.DLL
 0001:00005c94       ?CheckAutoCenter@CDialog@@UAEHXZ 00406c94 f   mfc42:MFC42.DLL
 0001:00005c9a       ?OnChildNotify@CWnd@@MAEHIIJPAJ@Z 00406c9a f   mfc42:MFC42.DLL
 0001:00005ca0       ?PostNcDestroy@CWnd@@MAEXXZ 00406ca0 f   mfc42:MFC42.DLL
 0001:00005ca6       ?DefWindowProcA@CWnd@@MAEJIIJ@Z 00406ca6 f   mfc42:MFC42.DLL
 0001:00005cac       ?OnWndMsg@CWnd@@MAEHIIJPAJ@Z 00406cac f   mfc42:MFC42.DLL
 0001:00005cb2       ?WindowProc@CWnd@@MAEJIIJ@Z 00406cb2 f   mfc42:MFC42.DLL
 0001:00005cb8       ?OnAmbientProperty@CWnd@@UAEHPAVCOleControlSite@@JPAUtagVARIANT@@@Z 00406cb8 f   mfc42:MFC42.DLL
 0001:00005cbe       ?PreTranslateMessage@CDialog@@UAEHPAUtagMSG@@@Z 00406cbe f   mfc42:MFC42.DLL
 0001:00005cc4       ?GetSuperWndProcAddr@CWnd@@MAEPAP6GJPAUHWND__@@IIJ@ZXZ 00406cc4 f   mfc42:MFC42.DLL
 0001:00005cca       ?OnNotify@CWnd@@MAEHIJPAJ@Z 00406cca f   mfc42:MFC42.DLL
 0001:00005cd0       ?OnCommand@CWnd@@MAEHIJ@Z  00406cd0 f   mfc42:MFC42.DLL
 0001:00005cd6       ?EndModalLoop@CWnd@@UAEXH@Z 00406cd6 f   mfc42:MFC42.DLL
 0001:00005cdc       ?ContinueModal@CWnd@@UAEHXZ 00406cdc f   mfc42:MFC42.DLL
 0001:00005ce2       ?WinHelpA@CWnd@@UAEXKI@Z   00406ce2 f   mfc42:MFC42.DLL
 0001:00005ce8       ?GetScrollBarCtrl@CWnd@@UBEPAVCScrollBar@@H@Z 00406ce8 f   mfc42:MFC42.DLL
 0001:00005cee       ?OnToolHitTest@CWnd@@UBEHVCPoint@@PAUtagTOOLINFOA@@@Z 00406cee f   mfc42:MFC42.DLL
 0001:00005cf4       ?CalcWindowRect@CWnd@@UAEXPAUtagRECT@@I@Z 00406cf4 f   mfc42:MFC42.DLL
 0001:00005cfa       ?PreCreateWindow@CWnd@@UAEHAAUtagCREATESTRUCTA@@@Z 00406cfa f   mfc42:MFC42.DLL
 0001:00005d00       ?DestroyWindow@CWnd@@UAEHXZ 00406d00 f   mfc42:MFC42.DLL
 0001:00005d06       ?Create@CWnd@@UAEHPBD0KABUtagRECT@@PAV1@IPAUCCreateContext@@@Z 00406d06 f   mfc42:MFC42.DLL
 0001:00005d0c       ?PreSubclassWindow@CWnd@@UAEXXZ 00406d0c f   mfc42:MFC42.DLL
 0001:00005d12       ?GetConnectionHook@CCmdTarget@@MAEPAUIConnectionPoint@@ABU_GUID@@@Z 00406d12 f   mfc42:MFC42.DLL
 0001:00005d18       ?GetExtraConnectionPoints@CCmdTarget@@MAEHPAVCPtrArray@@@Z 00406d18 f   mfc42:MFC42.DLL
 0001:00005d1e       ?GetInterfaceHook@CCmdTarget@@UAEPAUIUnknown@@PBX@Z 00406d1e f   mfc42:MFC42.DLL
 0001:00005d24       ?OnCreateAggregates@CCmdTarget@@UAEHXZ 00406d24 f   mfc42:MFC42.DLL
 0001:00005d2a       ?GetEventSinkMap@CCmdTarget@@MBEPBUAFX_EVENTSINKMAP@@XZ 00406d2a f   mfc42:MFC42.DLL
 0001:00005d30       ?GetInterfaceMap@CCmdTarget@@MBEPBUAFX_INTERFACEMAP@@XZ 00406d30 f   mfc42:MFC42.DLL
 0001:00005d36       ?GetConnectionMap@CCmdTarget@@MBEPBUAFX_CONNECTIONMAP@@XZ 00406d36 f   mfc42:MFC42.DLL
 0001:00005d3c       ?GetDispatchMap@CCmdTarget@@MBEPBUAFX_DISPMAP@@XZ 00406d3c f   mfc42:MFC42.DLL
 0001:00005d42       ?GetCommandMap@CCmdTarget@@MBEPBUAFX_OLECMDMAP@@XZ 00406d42 f   mfc42:MFC42.DLL
 0001:00005d48       ?GetTypeLib@CCmdTarget@@UAEJKPAPAUITypeLib@@@Z 00406d48 f   mfc42:MFC42.DLL
 0001:00005d4e       ?GetTypeLibCache@CCmdTarget@@UAEPAVCTypeLibCache@@XZ 00406d4e f   mfc42:MFC42.DLL
 0001:00005d54       ?GetTypeInfoCount@CCmdTarget@@UAEIXZ 00406d54 f   mfc42:MFC42.DLL
 0001:00005d5a       ?GetDispatchIID@CCmdTarget@@UAEHPAU_GUID@@@Z 00406d5a f   mfc42:MFC42.DLL
 0001:00005d60       ?IsInvokeAllowed@CCmdTarget@@UAEHJ@Z 00406d60 f   mfc42:MFC42.DLL
 0001:00005d66       ?OnFinalRelease@CWnd@@UAEXXZ 00406d66 f   mfc42:MFC42.DLL
 0001:00005d6c       ?OnCmdMsg@CDialog@@UAEHIHPAXPAUAFX_CMDHANDLERINFO@@@Z 00406d6c f   mfc42:MFC42.DLL
 0001:00005d72       ?GetRuntimeClass@CDialog@@UBEPAUCRuntimeClass@@XZ 00406d72 f   mfc42:MFC42.DLL
 0001:00005d78       ??1CString@@QAE@XZ         00406d78 f   mfc42:MFC42.DLL
 0001:00005d7e       ??1CEdit@@UAE@XZ           00406d7e f   mfc42:MFC42.DLL
 0001:00005d84       ??1CDialog@@UAE@XZ         00406d84 f   mfc42:MFC42.DLL
 0001:00005d8a       ??4CString@@QAEABV0@PBD@Z  00406d8a f   mfc42:MFC42.DLL
 0001:00005d90       ??0CString@@QAE@XZ         00406d90 f   mfc42:MFC42.DLL
 0001:00005d96       ??0CWnd@@QAE@XZ            00406d96 f   mfc42:MFC42.DLL
 0001:00005d9c       ??0CDialog@@QAE@IPAVCWnd@@@Z 00406d9c f   mfc42:MFC42.DLL
 0001:00005da2       ??3@YAXPAX@Z               00406da2 f   mfc42:MFC42.DLL
 0001:00005da8       ?DDX_Text@@YGXPAVCDataExchange@@HAAH@Z 00406da8 f   mfc42:MFC42.DLL
 0001:00005dae       ?DDX_Control@@YGXPAVCDataExchange@@HAAVCWnd@@@Z 00406dae f   mfc42:MFC42.DLL
 0001:00005db4       ?Empty@CString@@QAEXXZ     00406db4 f   mfc42:MFC42.DLL
 0001:00005dba       ?Default@CWnd@@IAEJXZ      00406dba f   mfc42:MFC42.DLL
 0001:00005dc0       ?MoveWindow@CWnd@@QAEXHHHHH@Z 00406dc0 f   mfc42:MFC42.DLL
 0001:00005dc6       ?SetWindowTextA@CWnd@@QAEXPBD@Z 00406dc6 f   mfc42:MFC42.DLL
 0001:00005dcc       ??YCString@@QAEABV0@PBD@Z  00406dcc f   mfc42:MFC42.DLL
 0001:00005dd2       ?Create@CDialog@@QAEHPBDPAVCWnd@@@Z 00406dd2 f   mfc42:MFC42.DLL
 0001:00005dd8       ??2@YAPAXI@Z               00406dd8 f   mfc42:MFC42.DLL
 0001:00005dde       ?ExitHelpMode@CFrameWnd@@UAEXXZ 00406dde f   mfc42:MFC42.DLL
 0001:00005de4       ?DelayUpdateFrameMenu@CFrameWnd@@UAEXPAUHMENU__@@@Z 00406de4 f   mfc42:MFC42.DLL
 0001:00005dea       ?GetDefaultAccelerator@CFrameWnd@@UAEPAUHACCEL__@@XZ 00406dea f   mfc42:MFC42.DLL
 0001:00005df0       ?OnUpdateFrameMenu@CFrameWnd@@UAEXPAUHMENU__@@@Z 00406df0 f   mfc42:MFC42.DLL
 0001:00005df6       ?OnUpdateFrameTitle@CFrameWnd@@UAEXH@Z 00406df6 f   mfc42:MFC42.DLL
 0001:00005dfc       ?OnCreateClient@CFrameWnd@@MAEHPAUtagCREATESTRUCTA@@PAUCCreateContext@@@Z 00406dfc f   mfc42:MFC42.DLL
 0001:00005e02       ?NegotiateBorderSpace@CFrameWnd@@UAEHIPAUtagRECT@@@Z 00406e02 f   mfc42:MFC42.DLL
 0001:00005e08       ?GetMessageBar@CFrameWnd@@UAEPAVCWnd@@XZ 00406e08 f   mfc42:MFC42.DLL
 0001:00005e0e       ?OnSetPreviewMode@CFrameWnd@@UAEXHPAUCPrintPreviewState@@@Z 00406e0e f   mfc42:MFC42.DLL
 0001:00005e14       ?ActivateFrame@CFrameWnd@@UAEXH@Z 00406e14 f   mfc42:MFC42.DLL
 0001:00005e1a       ?RecalcLayout@CFrameWnd@@UAEXH@Z 00406e1a f   mfc42:MFC42.DLL
 0001:00005e20       ?GetMessageString@CFrameWnd@@UBEXIAAVCString@@@Z 00406e20 f   mfc42:MFC42.DLL
 0001:00005e26       ?GetActiveFrame@CFrameWnd@@UAEPAV1@XZ 00406e26 f   mfc42:MFC42.DLL
 0001:00005e2c       ?GetActiveDocument@CFrameWnd@@UAEPAVCDocument@@XZ 00406e2c f   mfc42:MFC42.DLL
 0001:00005e32       ?LoadFrame@CFrameWnd@@UAEHIKPAVCWnd@@PAUCCreateContext@@@Z 00406e32 f   mfc42:MFC42.DLL
 0001:00005e38       ?IsFrameWnd@CFrameWnd@@UBEHXZ 00406e38 f   mfc42:MFC42.DLL
 0001:00005e3e       ?PostNcDestroy@CFrameWnd@@MAEXXZ 00406e3e f   mfc42:MFC42.DLL
 0001:00005e44       ?PreTranslateMessage@CFrameWnd@@UAEHPAUtagMSG@@@Z 00406e44 f   mfc42:MFC42.DLL
 0001:00005e4a       ?EndModalState@CFrameWnd@@UAEXXZ 00406e4a f   mfc42:MFC42.DLL
 0001:00005e50       ?BeginModalState@CFrameWnd@@UAEXXZ 00406e50 f   mfc42:MFC42.DLL
 0001:00005e56       ?OnCommand@CFrameWnd@@MAEHIJ@Z 00406e56 f   mfc42:MFC42.DLL
 0001:00005e5c       ?OnCmdMsg@CFrameWnd@@UAEHIHPAXPAUAFX_CMDHANDLERINFO@@@Z 00406e5c f   mfc42:MFC42.DLL
 0001:00005e62       ??1CStatusBar@@UAE@XZ      00406e62 f   mfc42:MFC42.DLL
 0001:00005e68       ??1CFrameWnd@@UAE@XZ       00406e68 f   mfc42:MFC42.DLL
 0001:00005e6e       ??0CToolBar@@QAE@XZ        00406e6e f   mfc42:MFC42.DLL
 0001:00005e74       ??0CStatusBar@@QAE@XZ      00406e74 f   mfc42:MFC42.DLL
 0001:00005e7a       ??0CFrameWnd@@QAE@XZ       00406e7a f   mfc42:MFC42.DLL
 0001:00005e80       ??1CToolBar@@UAE@XZ        00406e80 f   mfc42:MFC42.DLL
 0001:00005e86       ?DockControlBar@CFrameWnd@@QAEXPAVCControlBar@@IPBUtagRECT@@@Z 00406e86 f   mfc42:MFC42.DLL
 0001:00005e8c       ?EnableDocking@CFrameWnd@@QAEXK@Z 00406e8c f   mfc42:MFC42.DLL
 0001:00005e92       ?EnableDocking@CControlBar@@QAEXK@Z 00406e92 f   mfc42:MFC42.DLL
 0001:00005e98       ?SetIndicators@CStatusBar@@QAEHPBIH@Z 00406e98 f   mfc42:MFC42.DLL
 0001:00005e9e       ?Create@CStatusBar@@QAEHPAVCWnd@@KI@Z 00406e9e f   mfc42:MFC42.DLL
 0001:00005ea4       ?LoadToolBar@CToolBar@@QAEHPBD@Z 00406ea4 f   mfc42:MFC42.DLL
 0001:00005eaa       ?CreateEx@CToolBar@@QAEHPAVCWnd@@KKVCRect@@I@Z 00406eaa f   mfc42:MFC42.DLL
 0001:00005eb0       ?OnCreate@CFrameWnd@@IAEHPAUtagCREATESTRUCTA@@@Z 00406eb0 f   mfc42:MFC42.DLL
 0001:00005eb6       ?PreCreateWindow@CFrameWnd@@MAEHAAUtagCREATESTRUCTA@@@Z 00406eb6 f   mfc42:MFC42.DLL
 0001:00005ebc       ?OnFilePrintSetup@CWinApp@@IAEXXZ 00406ebc f   mfc42:MFC42.DLL
 0001:00005ec2       ?OnFileOpen@CWinApp@@IAEXXZ 00406ec2 f   mfc42:MFC42.DLL
 0001:00005ec8       ?OnFileNew@CWinApp@@IAEXXZ 00406ec8 f   mfc42:MFC42.DLL
 0001:00005ece       ?WinHelpA@CWinApp@@UAEXKI@Z 00406ece f   mfc42:MFC42.DLL
 0001:00005ed4       ?OnDDECommand@CWinApp@@UAEHPAD@Z 00406ed4 f   mfc42:MFC42.DLL
 0001:00005eda       ?DoWaitCursor@CWinApp@@UAEXH@Z 00406eda f   mfc42:MFC42.DLL
 0001:00005ee0       ?DoMessageBox@CWinApp@@UAEHPBDII@Z 00406ee0 f   mfc42:MFC42.DLL
 0001:00005ee6       ?SaveAllModified@CWinApp@@UAEHXZ 00406ee6 f   mfc42:MFC42.DLL
 0001:00005eec       ?InitApplication@CWinApp@@UAEHXZ 00406eec f   mfc42:MFC42.DLL
 0001:00005ef2       ?AddToRecentFileList@CWinApp@@UAEXPBD@Z 00406ef2 f   mfc42:MFC42.DLL
 0001:00005ef8       ?OpenDocumentFile@CWinApp@@UAEPAVCDocument@@PBD@Z 00406ef8 f   mfc42:MFC42.DLL
 0001:00005efe       ?Delete@CWinThread@@UAEXXZ 00406efe f   mfc42:MFC42.DLL
 0001:00005f04       ?GetMainWnd@CWinThread@@UAEPAVCWnd@@XZ 00406f04 f   mfc42:MFC42.DLL
 0001:00005f0a       ?ProcessMessageFilter@CWinThread@@UAEHHPAUtagMSG@@@Z 00406f0a f   mfc42:MFC42.DLL
 0001:00005f10       ?ProcessWndProcException@CWinApp@@UAEJPAVCException@@PBUtagMSG@@@Z 00406f10 f   mfc42:MFC42.DLL
 0001:00005f16       ?ExitInstance@CWinApp@@UAEHXZ 00406f16 f   mfc42:MFC42.DLL
 0001:00005f1c       ?IsIdleMessage@CWinThread@@UAEHPAUtagMSG@@@Z 00406f1c f   mfc42:MFC42.DLL
 0001:00005f22       ?OnIdle@CWinApp@@UAEHJ@Z   00406f22 f   mfc42:MFC42.DLL
 0001:00005f28       ?PumpMessage@CWinThread@@UAEHXZ 00406f28 f   mfc42:MFC42.DLL
 0001:00005f2e       ?PreTranslateMessage@CWinThread@@UAEHPAUtagMSG@@@Z 00406f2e f   mfc42:MFC42.DLL
 0001:00005f34       ?Run@CWinApp@@UAEHXZ       00406f34 f   mfc42:MFC42.DLL
 0001:00005f3a       ?OnFinalRelease@CCmdTarget@@UAEXXZ 00406f3a f   mfc42:MFC42.DLL
 0001:00005f40       ?GetRuntimeClass@CWinApp@@UBEPAUCRuntimeClass@@XZ 00406f40 f   mfc42:MFC42.DLL
 0001:00005f46       ??0CWinApp@@QAE@PBD@Z      00406f46 f   mfc42:MFC42.DLL
 0001:00005f4c       ??1CWinApp@@UAE@XZ         00406f4c f   mfc42:MFC42.DLL
 0001:00005f52       ?ShowWindow@CWnd@@QAEHH@Z  00406f52 f   mfc42:MFC42.DLL
 0001:00005f58       ??1CCommandLineInfo@@UAE@XZ 00406f58 f   mfc42:MFC42.DLL
 0001:00005f5e       ?ProcessShellCommand@CWinApp@@QAEHAAVCCommandLineInfo@@@Z 00406f5e f   mfc42:MFC42.DLL
 0001:00005f64       ?ParseCommandLine@CWinApp@@QAEXAAVCCommandLineInfo@@@Z 00406f64 f   mfc42:MFC42.DLL
 0001:00005f6a       ??0CCommandLineInfo@@QAE@XZ 00406f6a f   mfc42:MFC42.DLL
 0001:00005f70       ?AddDocTemplate@CWinApp@@QAEXPAVCDocTemplate@@@Z 00406f70 f   mfc42:MFC42.DLL
 0001:00005f76       ??0CSingleDocTemplate@@QAE@IPAUCRuntimeClass@@00@Z 00406f76 f   mfc42:MFC42.DLL
 0001:00005f7c       ?LoadStdProfileSettings@CWinApp@@IAEXI@Z 00406f7c f   mfc42:MFC42.DLL
 0001:00005f82       ?SetRegistryKey@CWinApp@@IAEXPBD@Z 00406f82 f   mfc42:MFC42.DLL
 0001:00005f88       ?Enable3dControls@CWinApp@@IAEHXZ 00406f88 f   mfc42:MFC42.DLL
 0001:00005f8e       ?OnIdle@CDocument@@UAEXXZ  00406f8e f   mfc42:MFC42.DLL
 0001:00005f94       ?GetDefaultAccelerator@CDocument@@UAEPAUHACCEL__@@XZ 00406f94 f   mfc42:MFC42.DLL
 0001:00005f9a       ?GetDefaultMenu@CDocument@@UAEPAUHMENU__@@XZ 00406f9a f   mfc42:MFC42.DLL
 0001:00005fa0       ?UpdateFrameCounts@CDocument@@UAEXXZ 00406fa0 f   mfc42:MFC42.DLL
 0001:00005fa6       ?DoFileSave@CDocument@@UAEHXZ 00406fa6 f   mfc42:MFC42.DLL
 0001:00005fac       ?DoSave@CDocument@@UAEHPBDH@Z 00406fac f   mfc42:MFC42.DLL
 0001:00005fb2       ?PreCloseFrame@CDocument@@UAEXPAVCFrameWnd@@@Z 00406fb2 f   mfc42:MFC42.DLL
 0001:00005fb8       ?SaveModified@CDocument@@UAEHXZ 00406fb8 f   mfc42:MFC42.DLL
 0001:00005fbe       ?CanCloseFrame@CDocument@@UAEHPAVCFrameWnd@@@Z 00406fbe f   mfc42:MFC42.DLL
 0001:00005fc4       ?ReleaseFile@CDocument@@UAEXPAVCFile@@H@Z 00406fc4 f   mfc42:MFC42.DLL
 0001:00005fca       ?GetFile@CDocument@@UAEPAVCFile@@PBDIPAVCFileException@@@Z 00406fca f   mfc42:MFC42.DLL
 0001:00005fd0       ?ReportSaveLoadException@CDocument@@UAEXPBDPAVCException@@HI@Z 00406fd0 f   mfc42:MFC42.DLL
 0001:00005fd6       ?OnCloseDocument@CDocument@@UAEXXZ 00406fd6 f   mfc42:MFC42.DLL
 0001:00005fdc       ?OnSaveDocument@CDocument@@UAEHPBD@Z 00406fdc f   mfc42:MFC42.DLL
 0001:00005fe2       ?OnOpenDocument@CDocument@@UAEHPBD@Z 00406fe2 f   mfc42:MFC42.DLL
 0001:00005fe8       ?DeleteContents@CDocument@@UAEXXZ 00406fe8 f   mfc42:MFC42.DLL
 0001:00005fee       ?OnChangedViewList@CDocument@@UAEXXZ 00406fee f   mfc42:MFC42.DLL
 0001:00005ff4       ?GetNextView@CDocument@@UBEPAVCView@@AAPAU__POSITION@@@Z 00406ff4 f   mfc42:MFC42.DLL
 0001:00005ffa       ?GetFirstViewPosition@CDocument@@UBEPAU__POSITION@@XZ 00406ffa f   mfc42:MFC42.DLL
 0001:00006000       ?SetPathName@CDocument@@UAEXPBDH@Z 00407000 f   mfc42:MFC42.DLL
 0001:00006006       ?SetTitle@CDocument@@UAEXPBD@Z 00407006 f   mfc42:MFC42.DLL
 0001:0000600c       ?OnFinalRelease@CDocument@@UAEXXZ 0040700c f   mfc42:MFC42.DLL
 0001:00006012       ?OnCmdMsg@CDocument@@UAEHIHPAXPAUAFX_CMDHANDLERINFO@@@Z 00407012 f   mfc42:MFC42.DLL
 0001:00006018       ??0CDocument@@QAE@XZ       00407018 f   mfc42:MFC42.DLL
 0001:0000601e       ??1CDocument@@UAE@XZ       0040701e f   mfc42:MFC42.DLL
 0001:00006024       ?OnNewDocument@CDocument@@UAEHXZ 00407024 f   mfc42:MFC42.DLL
 0001:0000602a       ?OnFilePrintPreview@CView@@IAEXXZ 0040702a f   mfc42:MFC42.DLL
 0001:00006030       ?OnFilePrint@CView@@IAEXXZ 00407030 f   mfc42:MFC42.DLL
 0001:00006036       ?OnEndPrintPreview@CView@@MAEXPAVCDC@@PAUCPrintInfo@@UtagPOINT@@PAVCPreviewView@@@Z 00407036 f   mfc42:MFC42.DLL
 0001:0000603c       ?OnPrint@CView@@MAEXPAVCDC@@PAUCPrintInfo@@@Z 0040703c f   mfc42:MFC42.DLL
 0001:00006042       ?OnUpdate@CView@@MAEXPAV1@JPAVCObject@@@Z 00407042 f   mfc42:MFC42.DLL
 0001:00006048       ?OnActivateFrame@CView@@MAEXIPAVCFrameWnd@@@Z 00407048 f   mfc42:MFC42.DLL
 0001:0000604e       ?OnActivateView@CView@@MAEXHPAV1@0@Z 0040704e f   mfc42:MFC42.DLL
 0001:00006054       ?OnInitialUpdate@CView@@UAEXXZ 00407054 f   mfc42:MFC42.DLL
 0001:0000605a       ?OnPrepareDC@CView@@UAEXPAVCDC@@PAUCPrintInfo@@@Z 0040705a f   mfc42:MFC42.DLL
 0001:00006060       ?OnDragScroll@CView@@UAEKKVCPoint@@@Z 00407060 f   mfc42:MFC42.DLL
 0001:00006066       ?OnDropEx@CView@@UAEKPAVCOleDataObject@@KKVCPoint@@@Z 00407066 f   mfc42:MFC42.DLL
 0001:0000606c       ?OnDrop@CView@@UAEHPAVCOleDataObject@@KVCPoint@@@Z 0040706c f   mfc42:MFC42.DLL
 0001:00006072       ?OnDragLeave@CView@@UAEXXZ 00407072 f   mfc42:MFC42.DLL
 0001:00006078       ?OnDragOver@CView@@UAEKPAVCOleDataObject@@KVCPoint@@@Z 00407078 f   mfc42:MFC42.DLL
 0001:0000607e       ?OnDragEnter@CView@@UAEKPAVCOleDataObject@@KVCPoint@@@Z 0040707e f   mfc42:MFC42.DLL
 0001:00006084       ?OnScrollBy@CView@@UAEHVCSize@@H@Z 00407084 f   mfc42:MFC42.DLL
 0001:0000608a       ?OnScroll@CView@@UAEHIIH@Z 0040708a f   mfc42:MFC42.DLL
 0001:00006090       ?IsSelected@CView@@UBEHPBVCObject@@@Z 00407090 f   mfc42:MFC42.DLL
 0001:00006096       ?PostNcDestroy@CView@@MAEXXZ 00407096 f   mfc42:MFC42.DLL
 0001:0000609c       ?GetScrollBarCtrl@CView@@UBEPAVCScrollBar@@H@Z 0040709c f   mfc42:MFC42.DLL
 0001:000060a2       ?CalcWindowRect@CView@@UAEXPAUtagRECT@@I@Z 004070a2 f   mfc42:MFC42.DLL
 0001:000060a8       ?OnCmdMsg@CView@@UAEHIHPAXPAUAFX_CMDHANDLERINFO@@@Z 004070a8 f   mfc42:MFC42.DLL
 0001:000060ae       ??0CView@@IAE@XZ           004070ae f   mfc42:MFC42.DLL
 0001:000060b4       ??1CView@@UAE@XZ           004070b4 f   mfc42:MFC42.DLL
 0001:000060ba       ?PreCreateWindow@CView@@MAEHAAUtagCREATESTRUCTA@@@Z 004070ba f   mfc42:MFC42.DLL
 0001:000060c0       ?MessageBoxA@CWnd@@QAEHPBD0I@Z 004070c0 f   mfc42:MFC42.DLL
 0001:000060c6       ??0CClientDC@@QAE@PAVCWnd@@@Z 004070c6 f   mfc42:MFC42.DLL
 0001:000060cc       ?OnCreate@CView@@IAEHPAUtagCREATESTRUCTA@@@Z 004070cc f   mfc42:MFC42.DLL
 0001:000060d2       ?DoPreparePrinting@CView@@QAEHPAUCPrintInfo@@@Z 004070d2 f   mfc42:MFC42.DLL
 0001:000060d8       ___CxxFrameHandler         004070d8 f   msvcrt:MSVCRT.dll
 0001:000060e0       __onexit                   004070e0 f   msvcrt:atonexit.obj
 0001:0000610c       _atexit                    0040710c f   msvcrt:atonexit.obj
 0001:0000611e       __purecall                 0040711e f   msvcrt:MSVCRT.dll
 0001:00006124       __ftol                     00407124 f   msvcrt:MSVCRT.dll
 0001:00006130       __chkstk                   00407130 f   msvcrt:chkstk.obj
 0001:00006130       __alloca_probe             00407130 f   msvcrt:chkstk.obj
 0001:00006160       __allshl                   00407160 f   msvcrt:llshl.obj
 0001:00006180       __aullrem                  00407180 f   msvcrt:ullrem.obj
 0001:00006200       __aulldiv                  00407200 f   msvcrt:ulldiv.obj
 0001:00006268       __CIsinh                   00407268 f   msvcrt:MSVCRT.dll
 0001:0000626e       __CIcosh                   0040726e f   msvcrt:MSVCRT.dll
 0001:00006280       __allmul                   00407280 f   msvcrt:llmul.obj
 0001:000062b4       _WinMainCRTStartup         004072b4 f   msvcrt:crtexew.obj
 0001:00006412       ___dllonexit               00407412 f   msvcrt:MSVCRT.dll
 0001:00006418       __except_handler3          00407418 f   msvcrt:MSVCRT.dll
 0001:0000641e       __XcptFilter               0040741e f   msvcrt:MSVCRT.dll
 0001:00006424       __initterm                 00407424 f   msvcrt:MSVCRT.dll
 0001:0000642a       __setdefaultprecision      0040742a f   msvcrt:fp8.obj
 0001:0000643c       __matherr                  0040743c f   msvcrt:merr.obj
 0001:0000643f       __setargv                  0040743f f   msvcrt:dllargv.obj
 0001:00006440       __controlfp                00407440 f   msvcrt:MSVCRT.dll
 0001:00006446       _WinMain@16                00407446 f   mfcs42:appmodul.obj
 0001:0000645e       ?AfxInitialize@@YGHHK@Z    0040745e f   mfcs42:appmodul.obj
 0001:0000649e       ?AfxWinMain@@YGHPAUHINSTANCE__@@0PADH@Z 0040749e f   mfc42:MFC42.DLL
 0001:000064a4       ?AfxGetModuleState@@YGPAVAFX_MODULE_STATE@@XZ 004074a4 f   mfc42:MFC42.DLL
 0002:00000000       ?messageMap@DisplayPanel@@1UAFX_MSGMAP@@B 00408000     DisplayPanel.obj
 0002:00000008       ?_messageEntries@DisplayPanel@@0QBUAFX_MSGMAP_ENTRY@@B 00408008     DisplayPanel.obj
 0002:00000050       ??_7DisplayPanel@@6B@      00408050     DisplayPanel.obj
 0002:00000128       ??_7CEdit@@6B@             00408128     DisplayPanel.obj
 0002:000001e8       ??_7IWriteFile@@6B@        004081e8     DisplayPanel.obj
 0002:000001f8       ??_7?$Suite@D@@6B@         004081f8     DisplayPanel.obj
 0002:00000200       ??_7DisplayFile@@6B@       00408200     DisplayPanel.obj
 0002:00000218       __real@8@00000000000000000000 00408218     draw.obj
 0002:00000220       ?classCMainFrame@CMainFrame@@2UCRuntimeClass@@B 00408220     MainFrm.obj
 0002:00000238       ?messageMap@CMainFrame@@1UAFX_MSGMAP@@B 00408238     MainFrm.obj
 0002:00000240       ?_messageEntries@CMainFrame@@0QBUAFX_MSGMAP_ENTRY@@B 00408240     MainFrm.obj
 0002:000003f0       ??_7CMainFrame@@6B@        004083f0     MainFrm.obj
 0002:000004f0       __real@8@3fff8000000000000000 004084f0     MainFrm.obj
 0002:000004f8       ?messageMap@CShevTestApp@@1UAFX_MSGMAP@@B 004084f8     ShevTest.obj
 0002:00000500       ?_messageEntries@CShevTestApp@@0QBUAFX_MSGMAP_ENTRY@@B 00408500     ShevTest.obj
 0002:00000578       ?messageMap@CAboutDlg@@1UAFX_MSGMAP@@B 00408578     ShevTest.obj
 0002:00000580       ?_messageEntries@CAboutDlg@@0QBUAFX_MSGMAP_ENTRY@@B 00408580     ShevTest.obj
 0002:00000598       ??_7CShevTestApp@@6B@      00408598     ShevTest.obj
 0002:0000063c       ??_7CAboutDlg@@6B@         0040863c     ShevTest.obj
 0002:00000718       ?classCShevTestDoc@CShevTestDoc@@2UCRuntimeClass@@B 00408718     ShevTestDoc.obj
 0002:00000730       ?messageMap@CShevTestDoc@@1UAFX_MSGMAP@@B 00408730     ShevTestDoc.obj
 0002:00000738       ?_messageEntries@CShevTestDoc@@0QBUAFX_MSGMAP_ENTRY@@B 00408738     ShevTestDoc.obj
 0002:00000750       ??_7CShevTestDoc@@6B@      00408750     ShevTestDoc.obj
 0002:00000808       ?classCShevTestView@CShevTestView@@2UCRuntimeClass@@B 00408808     ShevTestView.obj
 0002:00000820       ?messageMap@CShevTestView@@1UAFX_MSGMAP@@B 00408820     ShevTestView.obj
 0002:00000828       ?_messageEntries@CShevTestView@@0QBUAFX_MSGMAP_ENTRY@@B 00408828     ShevTestView.obj
 0002:00000948       ??_7CShevTestView@@6B@     00408948     ShevTestView.obj
 0002:00000a58       __real@8@40008000000000000000 00408a58     ShevTestView.obj
 0002:00000a68       __real@8@3ff8a3d70a3d70a3d800 00408a68     approx.obj
 0002:00000a78       __real@8@3ffe8000000000000000 00408a78     approx2d.obj
 0002:00000a80       __real@8@3ffbccccccccccccd000 00408a80     File.obj
 0002:00000a88       __real@8@4002a000000000000000 00408a88     File.obj
 0002:00000d78       __real@8@4001a000000000000000 00408d78     opti1d.obj
 0002:00000d88       ??_7?$Suite@_I@@6B@        00408d88     printf.obj
 0002:00000d90       ??_7?$CmbArray@D$0EA@@@6B@ 00408d90     printf.obj
 0002:00000d94       ??_7?$CmbSuite@D$08@@6B@   00408d94     printf.obj
 0002:00000d9c       ??_7?$DynArrRef@D@@6B@     00408d9c     printf.obj
 0002:00000da0       ??_7?$DynArrRef@_I@@6B@    00408da0     printf.obj
 0002:00000da4       ??_7?$CmbArray@_I$0EA@@@6B@ 00408da4     printf.obj
 0002:00000db8       __real@8@4000c90fdaa22168c000 00408db8     Rand.obj
 0002:00000dc0       ??_7Alter@SL@@6B@          00408dc0     ShevList.obj
 0002:00001110       __real@8@40348e1bc9bf04000000 00409110     calc_test.obj
 0002:00001118       __real@8@3fffc90fdaa22168c000 00409118     calc_test.obj
 0002:00001120       __real@8@40209502f90000000000 00409120     Display.obj
 0003:00000000       ___xc_a                    0040a000     msvcrt:cinitexe.obj
 0003:00000218       ___xc_z                    0040a218     msvcrt:cinitexe.obj
 0003:0000021c       ___xi_a                    0040a21c     msvcrt:cinitexe.obj
 0003:00000220       ___xi_z                    0040a220     msvcrt:cinitexe.obj
 0003:00000240       ??_C@_0L@IAGP@CMainFrame?$AA@ 0040a240     MainFrm.obj
 0003:0000024c       ??_C@_0CH@DJLM@Local?5AppWizard?9Generated?5Applic@ 0040a24c     ShevTest.obj
 0003:00000274       ??_C@_0N@PEGK@CShevTestDoc?$AA@ 0040a274     ShevTestDoc.obj
 0003:00000284       ??_C@_0O@MIEM@CShevTestView?$AA@ 0040a284     ShevTestView.obj
 0003:00000294       ??_C@_0BG@IJPF@SetPixelFormat?5failed?$AA@ 0040a294     ShevTestView.obj
 0003:000002ac       ??_C@_0BJ@FFJB@ChoosePixelFormat?5failed?$AA@ 0040a2ac     ShevTestView.obj
 0003:000002c8       ??_C@_01BJG@?6?$AA@        0040a2c8     fileOBJ.obj
 0003:000002cc       ??_C@_08OIBM@POLYHED1?$AA@ 0040a2cc     filePYH.obj
 0003:00000338       ??_C@_0L@INOO@8463847412?$AA@ 0040a338     printf.obj
 0003:00000344       ??_C@_08GGDF@?$CL1?4?$CDQNAN?$AA@ 0040a344     printf.obj
 0003:00000350       ??_C@_08NGNC@?91?4?$CDQNAN?$AA@ 0040a350     printf.obj
 0003:0000035c       ??_C@_07GJAM@?91?4?$CDIND?$AA@ 0040a35c     printf.obj
 0003:00000364       ??_C@_07NLFP@?$CL1?4?$CDINF?$AA@ 0040a364     printf.obj
 0003:0000036c       ??_C@_07DMCC@?91?4?$CDINF?$AA@ 0040a36c     printf.obj
 0003:00000374       ??_C@_05OFLO@e?$CL000?$AA@ 0040a374     printf.obj
 0003:00000380       ??_C@_01FCOA@?5?$AA@       0040a380     Display.obj
 0003:00000384       ??_C@_04FHKA@?$CF?43e?$AA@ 0040a384     Display.obj
 0003:0000038c       ??_C@_04KIBJ@?$CF?43f?$AA@ 0040a38c     Display.obj
 0003:00000394       ??_C@_01PLJA@0?$AA@        0040a394     Display.obj
 0003:00000398       ??_C@_02JBAA@?$CFf?$AA@    0040a398     Display.obj
 0003:0000039c       ??_C@_08BHKF@POLYHED2?$AA@ 0040a39c     filePYH_Body.obj
 0003:000003a8       ??_C@_08LNDC@POLYHED3?$AA@ 0040a3a8     filePYH_ExtraBody.obj
 0003:000003c0       ___defaultmatherr          0040a3c0     msvcrt:merr.obj
 0003:000003c8       ?display@@3VDisplay@@A     0040a3c8     DisplayPanel.obj
 0003:00000490       ??_C@_00A@?$AA@            0040a490     DisplayPanel.obj
 0003:000004e0       ?theApp@@3VCShevTestApp@@A 0040a4e0     ShevTest.obj
 0003:000005a4       ?view@@3PAVCShevTestView@@A 0040a5a4     ShevTestView.obj
 0003:000008cc       ?none@SL@@3VAlter@1@A      0040a8cc     ShevList.obj
 0003:000008d0       ?Info@SL@@3VInfoActGen@1@A 0040a8d0     ShevList.obj
 0003:00000930       ?d030@Spin2d@@2V1@B        0040a930     Vector2d.obj
 0003:00000940       ?d045@Spin2d@@2V1@B        0040a940     Vector2d.obj
 0003:00000950       ?d300@Spin2d@@2V1@B        0040a950     Vector2d.obj
 0003:00000960       ?d240@Spin2d@@2V1@B        0040a960     Vector2d.obj
 0003:00000970       ?d180@Spin2d@@2V1@B        0040a970     Vector2d.obj
 0003:00000980       ?d210@Spin2d@@2V1@B        0040a980     Vector2d.obj
 0003:00000990       ?d150@Spin2d@@2V1@B        0040a990     Vector2d.obj
 0003:000009a0       ?d090@Spin2d@@2V1@B        0040a9a0     Vector2d.obj
 0003:000009b0       ?d330@Spin2d@@2V1@B        0040a9b0     Vector2d.obj
 0003:000009c0       ?d270@Spin2d@@2V1@B        0040a9c0     Vector2d.obj
 0003:000009d0       ?d135@Spin2d@@2V1@B        0040a9d0     Vector2d.obj
 0003:000009e0       ?d225@Spin2d@@2V1@B        0040a9e0     Vector2d.obj
 0003:000009f0       ?d315@Spin2d@@2V1@B        0040a9f0     Vector2d.obj
 0003:00000a10       ?d120@Spin2d@@2V1@B        0040aa10     Vector2d.obj
 0003:00000a20       ?d060@Spin2d@@2V1@B        0040aa20     Vector2d.obj
 0003:00000e10       ?isum@?%D:\PROJECTS\ShevTest\Test\func1d_test.cpp2559511223@@3IA 0040ae10     func1d_test.obj
 0003:000016e8       ?gg@?%D:\PROJECTS\ShevTest\Test\math_test.cpp897730818@@3IA 0040b6e8     math_test.obj
 0003:00002278       __afxForceEXCLUDE          0040c278     mfcs42:nolib.obj
 0003:0000227c       __afxForceSTDAFX           0040c27c     mfcs42:stdafx.obj
 0003:00002280       __dowildcard               0040c280     msvcrt:wildcard.obj
 0003:00002284       __newmode                  0040c284     msvcrt:_newmode.obj
 0003:00002288       __commode                  0040c288     msvcrt:xncommod.obj
 0003:0000228c       __fmode                    0040c28c     msvcrt:xtxtmode.obj
 0003:00002290       ?_afxInitAppState@@3DA     0040c290     mfcs42:appmodul.obj
 0003:00002294       __adjust_fdiv              0040c294     <common>
 0003:00002298       ___onexitend               0040c298     <common>
 0003:0000229c       ___onexitbegin             0040c29c     <common>
 0004:00000000       __IMPORT_DESCRIPTOR_OPENGL32 0040d000     opengl32:OPENGL32.dll
 0004:00000014       __IMPORT_DESCRIPTOR_MFC42  0040d014     mfc42:MFC42.DLL
 0004:00000028       __IMPORT_DESCRIPTOR_MSVCRT 0040d028     msvcrt:MSVCRT.dll
 0004:0000003c       __IMPORT_DESCRIPTOR_KERNEL32 0040d03c     kernel32:KERNEL32.dll
 0004:00000050       __IMPORT_DESCRIPTOR_USER32 0040d050     user32:USER32.dll
 0004:00000064       __IMPORT_DESCRIPTOR_GDI32  0040d064     gdi32:GDI32.dll
 0004:00000078       __NULL_IMPORT_DESCRIPTOR   0040d078     opengl32:OPENGL32.dll
 0004:000004b4       __imp__DescribePixelFormat@16 0040d4b4     gdi32:GDI32.dll
 0004:000004b8       __imp__SwapBuffers@4       0040d4b8     gdi32:GDI32.dll
 0004:000004bc       __imp__ChoosePixelFormat@8 0040d4bc     gdi32:GDI32.dll
 0004:000004c0       __imp__SetPixelFormat@12   0040d4c0     gdi32:GDI32.dll
 0004:000004c4       __imp__GetPixelFormat@4    0040d4c4     gdi32:GDI32.dll
 0004:000004c8       \177GDI32_NULL_THUNK_DATA  0040d4c8     gdi32:GDI32.dll
 0004:000004cc       __imp__QueryPerformanceFrequency@4 0040d4cc     kernel32:KERNEL32.dll
 0004:000004d0       __imp__GetStartupInfoA@4   0040d4d0     kernel32:KERNEL32.dll
 0004:000004d4       __imp__GetModuleHandleA@4  0040d4d4     kernel32:KERNEL32.dll
 0004:000004d8       \177KERNEL32_NULL_THUNK_DATA 0040d4d8     kernel32:KERNEL32.dll
 0004:000004dc       __imp_?SaveAllModified@CWinApp@@UAEHXZ 0040d4dc     mfc42:MFC42.DLL
 0004:000004e0       __imp_?AfxWinMain@@YGHPAUHINSTANCE__@@0PADH@Z 0040d4e0     mfc42:MFC42.DLL
 0004:000004e4       __imp_?DoPreparePrinting@CView@@QAEHPAUCPrintInfo@@@Z 0040d4e4     mfc42:MFC42.DLL
 0004:000004e8       __imp_?OnCreate@CView@@IAEHPAUtagCREATESTRUCTA@@@Z 0040d4e8     mfc42:MFC42.DLL
 0004:000004ec       __imp_??0CClientDC@@QAE@PAVCWnd@@@Z 0040d4ec     mfc42:MFC42.DLL
 0004:000004f0       __imp_?MessageBoxA@CWnd@@QAEHPBD0I@Z 0040d4f0     mfc42:MFC42.DLL
 0004:000004f4       __imp_?PreCreateWindow@CView@@MAEHAAUtagCREATESTRUCTA@@@Z 0040d4f4     mfc42:MFC42.DLL
 0004:000004f8       __imp_??1CView@@UAE@XZ     0040d4f8     mfc42:MFC42.DLL
 0004:000004fc       __imp_??0CView@@IAE@XZ     0040d4fc     mfc42:MFC42.DLL
 0004:00000500       __imp_?OnCmdMsg@CView@@UAEHIHPAXPAUAFX_CMDHANDLERINFO@@@Z 0040d500     mfc42:MFC42.DLL
 0004:00000504       __imp_?CalcWindowRect@CView@@UAEXPAUtagRECT@@I@Z 0040d504     mfc42:MFC42.DLL
 0004:00000508       __imp_?GetScrollBarCtrl@CView@@UBEPAVCScrollBar@@H@Z 0040d508     mfc42:MFC42.DLL
 0004:0000050c       __imp_?PostNcDestroy@CView@@MAEXXZ 0040d50c     mfc42:MFC42.DLL
 0004:00000510       __imp_?IsSelected@CView@@UBEHPBVCObject@@@Z 0040d510     mfc42:MFC42.DLL
 0004:00000514       __imp_?OnScroll@CView@@UAEHIIH@Z 0040d514     mfc42:MFC42.DLL
 0004:00000518       __imp_?OnScrollBy@CView@@UAEHVCSize@@H@Z 0040d518     mfc42:MFC42.DLL
 0004:0000051c       __imp_?OnDragEnter@CView@@UAEKPAVCOleDataObject@@KVCPoint@@@Z 0040d51c     mfc42:MFC42.DLL
 0004:00000520       __imp_?OnDragOver@CView@@UAEKPAVCOleDataObject@@KVCPoint@@@Z 0040d520     mfc42:MFC42.DLL
 0004:00000524       __imp_?OnDragLeave@CView@@UAEXXZ 0040d524     mfc42:MFC42.DLL
 0004:00000528       __imp_?OnDrop@CView@@UAEHPAVCOleDataObject@@KVCPoint@@@Z 0040d528     mfc42:MFC42.DLL
 0004:0000052c       __imp_?OnDropEx@CView@@UAEKPAVCOleDataObject@@KKVCPoint@@@Z 0040d52c     mfc42:MFC42.DLL
 0004:00000530       __imp_?OnDragScroll@CView@@UAEKKVCPoint@@@Z 0040d530     mfc42:MFC42.DLL
 0004:00000534       __imp_?OnPrepareDC@CView@@UAEXPAVCDC@@PAUCPrintInfo@@@Z 0040d534     mfc42:MFC42.DLL
 0004:00000538       __imp_?OnInitialUpdate@CView@@UAEXXZ 0040d538     mfc42:MFC42.DLL
 0004:0000053c       __imp_?OnActivateView@CView@@MAEXHPAV1@0@Z 0040d53c     mfc42:MFC42.DLL
 0004:00000540       __imp_?OnActivateFrame@CView@@MAEXIPAVCFrameWnd@@@Z 0040d540     mfc42:MFC42.DLL
 0004:00000544       __imp_?OnUpdate@CView@@MAEXPAV1@JPAVCObject@@@Z 0040d544     mfc42:MFC42.DLL
 0004:00000548       __imp_?SetOccDialogInfo@CWnd@@MAEHPAU_AFX_OCC_DIALOG_INFO@@@Z 0040d548     mfc42:MFC42.DLL
 0004:0000054c       __imp_?CheckAutoCenter@CWnd@@UAEHXZ 0040d54c     mfc42:MFC42.DLL
 0004:00000550       __imp_?PreTranslateMessage@CWnd@@UAEHPAUtagMSG@@@Z 0040d550     mfc42:MFC42.DLL
 0004:00000554       __imp_?GetMessageMap@CWnd@@MBEPBUAFX_MSGMAP@@XZ 0040d554     mfc42:MFC42.DLL
 0004:00000558       __imp_?OnCmdMsg@CCmdTarget@@UAEHIHPAXPAUAFX_CMDHANDLERINFO@@@Z 0040d558     mfc42:MFC42.DLL
 0004:0000055c       __imp_?GetRuntimeClass@CEdit@@UBEPAUCRuntimeClass@@XZ 0040d55c     mfc42:MFC42.DLL
 0004:00000560       __imp_?PreInitDialog@CDialog@@MAEXXZ 0040d560     mfc42:MFC42.DLL
 0004:00000564       __imp_?OnCancel@CDialog@@MAEXXZ 0040d564     mfc42:MFC42.DLL
 0004:00000568       __imp_?OnOK@CDialog@@MAEXXZ 0040d568     mfc42:MFC42.DLL
 0004:0000056c       __imp_?OnSetFont@CDialog@@UAEXPAVCFont@@@Z 0040d56c     mfc42:MFC42.DLL
 0004:00000570       __imp_?OnInitDialog@CDialog@@UAEHXZ 0040d570     mfc42:MFC42.DLL
 0004:00000574       __imp_?DoModal@CDialog@@UAEHXZ 0040d574     mfc42:MFC42.DLL
 0004:00000578       __imp_?SetOccDialogInfo@CDialog@@MAEHPAU_AFX_OCC_DIALOG_INFO@@@Z 0040d578     mfc42:MFC42.DLL
 0004:0000057c       __imp_?IsFrameWnd@CWnd@@UBEHXZ 0040d57c     mfc42:MFC42.DLL
 0004:00000580       __imp_?CheckAutoCenter@CDialog@@UAEHXZ 0040d580     mfc42:MFC42.DLL
 0004:00000584       __imp_?OnChildNotify@CWnd@@MAEHIIJPAJ@Z 0040d584     mfc42:MFC42.DLL
 0004:00000588       __imp_?PostNcDestroy@CWnd@@MAEXXZ 0040d588     mfc42:MFC42.DLL
 0004:0000058c       __imp_?DefWindowProcA@CWnd@@MAEJIIJ@Z 0040d58c     mfc42:MFC42.DLL
 0004:00000590       __imp_?OnWndMsg@CWnd@@MAEHIIJPAJ@Z 0040d590     mfc42:MFC42.DLL
 0004:00000594       __imp_?WindowProc@CWnd@@MAEJIIJ@Z 0040d594     mfc42:MFC42.DLL
 0004:00000598       __imp_?OnAmbientProperty@CWnd@@UAEHPAVCOleControlSite@@JPAUtagVARIANT@@@Z 0040d598     mfc42:MFC42.DLL
 0004:0000059c       __imp_?PreTranslateMessage@CDialog@@UAEHPAUtagMSG@@@Z 0040d59c     mfc42:MFC42.DLL
 0004:000005a0       __imp_?GetSuperWndProcAddr@CWnd@@MAEPAP6GJPAUHWND__@@IIJ@ZXZ 0040d5a0     mfc42:MFC42.DLL
 0004:000005a4       __imp_?OnNotify@CWnd@@MAEHIJPAJ@Z 0040d5a4     mfc42:MFC42.DLL
 0004:000005a8       __imp_?OnCommand@CWnd@@MAEHIJ@Z 0040d5a8     mfc42:MFC42.DLL
 0004:000005ac       __imp_?EndModalLoop@CWnd@@UAEXH@Z 0040d5ac     mfc42:MFC42.DLL
 0004:000005b0       __imp_?ContinueModal@CWnd@@UAEHXZ 0040d5b0     mfc42:MFC42.DLL
 0004:000005b4       __imp_?WinHelpA@CWnd@@UAEXKI@Z 0040d5b4     mfc42:MFC42.DLL
 0004:000005b8       __imp_?GetScrollBarCtrl@CWnd@@UBEPAVCScrollBar@@H@Z 0040d5b8     mfc42:MFC42.DLL
 0004:000005bc       __imp_?OnToolHitTest@CWnd@@UBEHVCPoint@@PAUtagTOOLINFOA@@@Z 0040d5bc     mfc42:MFC42.DLL
 0004:000005c0       __imp_?CalcWindowRect@CWnd@@UAEXPAUtagRECT@@I@Z 0040d5c0     mfc42:MFC42.DLL
 0004:000005c4       __imp_?PreCreateWindow@CWnd@@UAEHAAUtagCREATESTRUCTA@@@Z 0040d5c4     mfc42:MFC42.DLL
 0004:000005c8       __imp_?DestroyWindow@CWnd@@UAEHXZ 0040d5c8     mfc42:MFC42.DLL
 0004:000005cc       __imp_?Create@CWnd@@UAEHPBD0KABUtagRECT@@PAV1@IPAUCCreateContext@@@Z 0040d5cc     mfc42:MFC42.DLL
 0004:000005d0       __imp_?PreSubclassWindow@CWnd@@UAEXXZ 0040d5d0     mfc42:MFC42.DLL
 0004:000005d4       __imp_?GetConnectionHook@CCmdTarget@@MAEPAUIConnectionPoint@@ABU_GUID@@@Z 0040d5d4     mfc42:MFC42.DLL
 0004:000005d8       __imp_?GetExtraConnectionPoints@CCmdTarget@@MAEHPAVCPtrArray@@@Z 0040d5d8     mfc42:MFC42.DLL
 0004:000005dc       __imp_?GetInterfaceHook@CCmdTarget@@UAEPAUIUnknown@@PBX@Z 0040d5dc     mfc42:MFC42.DLL
 0004:000005e0       __imp_?OnCreateAggregates@CCmdTarget@@UAEHXZ 0040d5e0     mfc42:MFC42.DLL
 0004:000005e4       __imp_?GetEventSinkMap@CCmdTarget@@MBEPBUAFX_EVENTSINKMAP@@XZ 0040d5e4     mfc42:MFC42.DLL
 0004:000005e8       __imp_?GetInterfaceMap@CCmdTarget@@MBEPBUAFX_INTERFACEMAP@@XZ 0040d5e8     mfc42:MFC42.DLL
 0004:000005ec       __imp_?GetConnectionMap@CCmdTarget@@MBEPBUAFX_CONNECTIONMAP@@XZ 0040d5ec     mfc42:MFC42.DLL
 0004:000005f0       __imp_?GetDispatchMap@CCmdTarget@@MBEPBUAFX_DISPMAP@@XZ 0040d5f0     mfc42:MFC42.DLL
 0004:000005f4       __imp_?GetCommandMap@CCmdTarget@@MBEPBUAFX_OLECMDMAP@@XZ 0040d5f4     mfc42:MFC42.DLL
 0004:000005f8       __imp_?GetTypeLib@CCmdTarget@@UAEJKPAPAUITypeLib@@@Z 0040d5f8     mfc42:MFC42.DLL
 0004:000005fc       __imp_?GetTypeLibCache@CCmdTarget@@UAEPAVCTypeLibCache@@XZ 0040d5fc     mfc42:MFC42.DLL
 0004:00000600       __imp_?GetTypeInfoCount@CCmdTarget@@UAEIXZ 0040d600     mfc42:MFC42.DLL
 0004:00000604       __imp_?GetDispatchIID@CCmdTarget@@UAEHPAU_GUID@@@Z 0040d604     mfc42:MFC42.DLL
 0004:00000608       __imp_?IsInvokeAllowed@CCmdTarget@@UAEHJ@Z 0040d608     mfc42:MFC42.DLL
 0004:0000060c       __imp_?OnFinalRelease@CWnd@@UAEXXZ 0040d60c     mfc42:MFC42.DLL
 0004:00000610       __imp_?OnCmdMsg@CDialog@@UAEHIHPAXPAUAFX_CMDHANDLERINFO@@@Z 0040d610     mfc42:MFC42.DLL
 0004:00000614       __imp_?GetRuntimeClass@CDialog@@UBEPAUCRuntimeClass@@XZ 0040d614     mfc42:MFC42.DLL
 0004:00000618       __imp_??1CString@@QAE@XZ   0040d618     mfc42:MFC42.DLL
 0004:0000061c       __imp_??1CEdit@@UAE@XZ     0040d61c     mfc42:MFC42.DLL
 0004:00000620       __imp_??1CDialog@@UAE@XZ   0040d620     mfc42:MFC42.DLL
 0004:00000624       __imp_??4CString@@QAEABV0@PBD@Z 0040d624     mfc42:MFC42.DLL
 0004:00000628       __imp_??0CString@@QAE@XZ   0040d628     mfc42:MFC42.DLL
 0004:0000062c       __imp_??0CWnd@@QAE@XZ      0040d62c     mfc42:MFC42.DLL
 0004:00000630       __imp_??0CDialog@@QAE@IPAVCWnd@@@Z 0040d630     mfc42:MFC42.DLL
 0004:00000634       __imp_??3@YAXPAX@Z         0040d634     mfc42:MFC42.DLL
 0004:00000638       __imp_?DDX_Text@@YGXPAVCDataExchange@@HAAH@Z 0040d638     mfc42:MFC42.DLL
 0004:0000063c       __imp_?DDX_Control@@YGXPAVCDataExchange@@HAAVCWnd@@@Z 0040d63c     mfc42:MFC42.DLL
 0004:00000640       __imp_?messageMap@CDialog@@1UAFX_MSGMAP@@B 0040d640     mfc42:MFC42.DLL
 0004:00000644       __imp_?Empty@CString@@QAEXXZ 0040d644     mfc42:MFC42.DLL
 0004:00000648       __imp_?Default@CWnd@@IAEJXZ 0040d648     mfc42:MFC42.DLL
 0004:0000064c       __imp_?MoveWindow@CWnd@@QAEXHHHHH@Z 0040d64c     mfc42:MFC42.DLL
 0004:00000650       __imp_?SetWindowTextA@CWnd@@QAEXPBD@Z 0040d650     mfc42:MFC42.DLL
 0004:00000654       __imp_??YCString@@QAEABV0@PBD@Z 0040d654     mfc42:MFC42.DLL
 0004:00000658       __imp_?Create@CDialog@@QAEHPBDPAVCWnd@@@Z 0040d658     mfc42:MFC42.DLL
 0004:0000065c       __imp_??2@YAPAXI@Z         0040d65c     mfc42:MFC42.DLL
 0004:00000660       __imp_?classCFrameWnd@CFrameWnd@@2UCRuntimeClass@@B 0040d660     mfc42:MFC42.DLL
 0004:00000664       __imp_?messageMap@CFrameWnd@@1UAFX_MSGMAP@@B 0040d664     mfc42:MFC42.DLL
 0004:00000668       __imp_?ExitHelpMode@CFrameWnd@@UAEXXZ 0040d668     mfc42:MFC42.DLL
 0004:0000066c       __imp_?DelayUpdateFrameMenu@CFrameWnd@@UAEXPAUHMENU__@@@Z 0040d66c     mfc42:MFC42.DLL
 0004:00000670       __imp_?GetDefaultAccelerator@CFrameWnd@@UAEPAUHACCEL__@@XZ 0040d670     mfc42:MFC42.DLL
 0004:00000674       __imp_?OnUpdateFrameMenu@CFrameWnd@@UAEXPAUHMENU__@@@Z 0040d674     mfc42:MFC42.DLL
 0004:00000678       __imp_?OnUpdateFrameTitle@CFrameWnd@@UAEXH@Z 0040d678     mfc42:MFC42.DLL
 0004:0000067c       __imp_?OnCreateClient@CFrameWnd@@MAEHPAUtagCREATESTRUCTA@@PAUCCreateContext@@@Z 0040d67c     mfc42:MFC42.DLL
 0004:00000680       __imp_?NegotiateBorderSpace@CFrameWnd@@UAEHIPAUtagRECT@@@Z 0040d680     mfc42:MFC42.DLL
 0004:00000684       __imp_?GetMessageBar@CFrameWnd@@UAEPAVCWnd@@XZ 0040d684     mfc42:MFC42.DLL
 0004:00000688       __imp_?OnSetPreviewMode@CFrameWnd@@UAEXHPAUCPrintPreviewState@@@Z 0040d688     mfc42:MFC42.DLL
 0004:0000068c       __imp_?ActivateFrame@CFrameWnd@@UAEXH@Z 0040d68c     mfc42:MFC42.DLL
 0004:00000690       __imp_?RecalcLayout@CFrameWnd@@UAEXH@Z 0040d690     mfc42:MFC42.DLL
 0004:00000694       __imp_?GetMessageString@CFrameWnd@@UBEXIAAVCString@@@Z 0040d694     mfc42:MFC42.DLL
 0004:00000698       __imp_?GetActiveFrame@CFrameWnd@@UAEPAV1@XZ 0040d698     mfc42:MFC42.DLL
 0004:0000069c       __imp_?GetActiveDocument@CFrameWnd@@UAEPAVCDocument@@XZ 0040d69c     mfc42:MFC42.DLL
 0004:000006a0       __imp_?LoadFrame@CFrameWnd@@UAEHIKPAVCWnd@@PAUCCreateContext@@@Z 0040d6a0     mfc42:MFC42.DLL
 0004:000006a4       __imp_?IsFrameWnd@CFrameWnd@@UBEHXZ 0040d6a4     mfc42:MFC42.DLL
 0004:000006a8       __imp_?PostNcDestroy@CFrameWnd@@MAEXXZ 0040d6a8     mfc42:MFC42.DLL
 0004:000006ac       __imp_?PreTranslateMessage@CFrameWnd@@UAEHPAUtagMSG@@@Z 0040d6ac     mfc42:MFC42.DLL
 0004:000006b0       __imp_?EndModalState@CFrameWnd@@UAEXXZ 0040d6b0     mfc42:MFC42.DLL
 0004:000006b4       __imp_?BeginModalState@CFrameWnd@@UAEXXZ 0040d6b4     mfc42:MFC42.DLL
 0004:000006b8       __imp_?OnCommand@CFrameWnd@@MAEHIJ@Z 0040d6b8     mfc42:MFC42.DLL
 0004:000006bc       __imp_?OnCmdMsg@CFrameWnd@@UAEHIHPAXPAUAFX_CMDHANDLERINFO@@@Z 0040d6bc     mfc42:MFC42.DLL
 0004:000006c0       __imp_??1CStatusBar@@UAE@XZ 0040d6c0     mfc42:MFC42.DLL
 0004:000006c4       __imp_??1CFrameWnd@@UAE@XZ 0040d6c4     mfc42:MFC42.DLL
 0004:000006c8       __imp_??0CToolBar@@QAE@XZ  0040d6c8     mfc42:MFC42.DLL
 0004:000006cc       __imp_??0CStatusBar@@QAE@XZ 0040d6cc     mfc42:MFC42.DLL
 0004:000006d0       __imp_??0CFrameWnd@@QAE@XZ 0040d6d0     mfc42:MFC42.DLL
 0004:000006d4       __imp_??1CToolBar@@UAE@XZ  0040d6d4     mfc42:MFC42.DLL
 0004:000006d8       __imp_?DockControlBar@CFrameWnd@@QAEXPAVCControlBar@@IPBUtagRECT@@@Z 0040d6d8     mfc42:MFC42.DLL
 0004:000006dc       __imp_?EnableDocking@CFrameWnd@@QAEXK@Z 0040d6dc     mfc42:MFC42.DLL
 0004:000006e0       __imp_?EnableDocking@CControlBar@@QAEXK@Z 0040d6e0     mfc42:MFC42.DLL
 0004:000006e4       __imp_?SetIndicators@CStatusBar@@QAEHPBIH@Z 0040d6e4     mfc42:MFC42.DLL
 0004:000006e8       __imp_?Create@CStatusBar@@QAEHPAVCWnd@@KI@Z 0040d6e8     mfc42:MFC42.DLL
 0004:000006ec       __imp_?LoadToolBar@CToolBar@@QAEHPBD@Z 0040d6ec     mfc42:MFC42.DLL
 0004:000006f0       __imp_?CreateEx@CToolBar@@QAEHPAVCWnd@@KKVCRect@@I@Z 0040d6f0     mfc42:MFC42.DLL
 0004:000006f4       __imp_?OnCreate@CFrameWnd@@IAEHPAUtagCREATESTRUCTA@@@Z 0040d6f4     mfc42:MFC42.DLL
 0004:000006f8       __imp_?PreCreateWindow@CFrameWnd@@MAEHAAUtagCREATESTRUCTA@@@Z 0040d6f8     mfc42:MFC42.DLL
 0004:000006fc       __imp_?OnFilePrintSetup@CWinApp@@IAEXXZ 0040d6fc     mfc42:MFC42.DLL
 0004:00000700       __imp_?OnFileOpen@CWinApp@@IAEXXZ 0040d700     mfc42:MFC42.DLL
 0004:00000704       __imp_?OnFileNew@CWinApp@@IAEXXZ 0040d704     mfc42:MFC42.DLL
 0004:00000708       __imp_?messageMap@CWinApp@@1UAFX_MSGMAP@@B 0040d708     mfc42:MFC42.DLL
 0004:0000070c       __imp_?WinHelpA@CWinApp@@UAEXKI@Z 0040d70c     mfc42:MFC42.DLL
 0004:00000710       __imp_?OnDDECommand@CWinApp@@UAEHPAD@Z 0040d710     mfc42:MFC42.DLL
 0004:00000714       __imp_?DoWaitCursor@CWinApp@@UAEXH@Z 0040d714     mfc42:MFC42.DLL
 0004:00000718       __imp_?DoMessageBox@CWinApp@@UAEHPBDII@Z 0040d718     mfc42:MFC42.DLL
 0004:0000071c       __imp_?AfxGetModuleState@@YGPAVAFX_MODULE_STATE@@XZ 0040d71c     mfc42:MFC42.DLL
 0004:00000720       __imp_?InitApplication@CWinApp@@UAEHXZ 0040d720     mfc42:MFC42.DLL
 0004:00000724       __imp_?AddToRecentFileList@CWinApp@@UAEXPBD@Z 0040d724     mfc42:MFC42.DLL
 0004:00000728       __imp_?OpenDocumentFile@CWinApp@@UAEPAVCDocument@@PBD@Z 0040d728     mfc42:MFC42.DLL
 0004:0000072c       __imp_?Delete@CWinThread@@UAEXXZ 0040d72c     mfc42:MFC42.DLL
 0004:00000730       __imp_?GetMainWnd@CWinThread@@UAEPAVCWnd@@XZ 0040d730     mfc42:MFC42.DLL
 0004:00000734       __imp_?ProcessMessageFilter@CWinThread@@UAEHHPAUtagMSG@@@Z 0040d734     mfc42:MFC42.DLL
 0004:00000738       __imp_?ProcessWndProcException@CWinApp@@UAEJPAVCException@@PBUtagMSG@@@Z 0040d738     mfc42:MFC42.DLL
 0004:0000073c       __imp_?ExitInstance@CWinApp@@UAEHXZ 0040d73c     mfc42:MFC42.DLL
 0004:00000740       __imp_?IsIdleMessage@CWinThread@@UAEHPAUtagMSG@@@Z 0040d740     mfc42:MFC42.DLL
 0004:00000744       __imp_?OnIdle@CWinApp@@UAEHJ@Z 0040d744     mfc42:MFC42.DLL
 0004:00000748       __imp_?PumpMessage@CWinThread@@UAEHXZ 0040d748     mfc42:MFC42.DLL
 0004:0000074c       __imp_?PreTranslateMessage@CWinThread@@UAEHPAUtagMSG@@@Z 0040d74c     mfc42:MFC42.DLL
 0004:00000750       __imp_?Run@CWinApp@@UAEHXZ 0040d750     mfc42:MFC42.DLL
 0004:00000754       __imp_?OnFinalRelease@CCmdTarget@@UAEXXZ 0040d754     mfc42:MFC42.DLL
 0004:00000758       __imp_?GetRuntimeClass@CWinApp@@UBEPAUCRuntimeClass@@XZ 0040d758     mfc42:MFC42.DLL
 0004:0000075c       __imp_??0CWinApp@@QAE@PBD@Z 0040d75c     mfc42:MFC42.DLL
 0004:00000760       __imp_??1CWinApp@@UAE@XZ   0040d760     mfc42:MFC42.DLL
 0004:00000764       __imp_?ShowWindow@CWnd@@QAEHH@Z 0040d764     mfc42:MFC42.DLL
 0004:00000768       __imp_??1CCommandLineInfo@@UAE@XZ 0040d768     mfc42:MFC42.DLL
 0004:0000076c       __imp_?ProcessShellCommand@CWinApp@@QAEHAAVCCommandLineInfo@@@Z 0040d76c     mfc42:MFC42.DLL
 0004:00000770       __imp_?ParseCommandLine@CWinApp@@QAEXAAVCCommandLineInfo@@@Z 0040d770     mfc42:MFC42.DLL
 0004:00000774       __imp_??0CCommandLineInfo@@QAE@XZ 0040d774     mfc42:MFC42.DLL
 0004:00000778       __imp_?AddDocTemplate@CWinApp@@QAEXPAVCDocTemplate@@@Z 0040d778     mfc42:MFC42.DLL
 0004:0000077c       __imp_??0CSingleDocTemplate@@QAE@IPAUCRuntimeClass@@00@Z 0040d77c     mfc42:MFC42.DLL
 0004:00000780       __imp_?LoadStdProfileSettings@CWinApp@@IAEXI@Z 0040d780     mfc42:MFC42.DLL
 0004:00000784       __imp_?SetRegistryKey@CWinApp@@IAEXPBD@Z 0040d784     mfc42:MFC42.DLL
 0004:00000788       __imp_?Enable3dControls@CWinApp@@IAEHXZ 0040d788     mfc42:MFC42.DLL
 0004:0000078c       __imp_?classCDocument@CDocument@@2UCRuntimeClass@@B 0040d78c     mfc42:MFC42.DLL
 0004:00000790       __imp_?messageMap@CDocument@@1UAFX_MSGMAP@@B 0040d790     mfc42:MFC42.DLL
 0004:00000794       __imp_?OnIdle@CDocument@@UAEXXZ 0040d794     mfc42:MFC42.DLL
 0004:00000798       __imp_?GetDefaultAccelerator@CDocument@@UAEPAUHACCEL__@@XZ 0040d798     mfc42:MFC42.DLL
 0004:0000079c       __imp_?GetDefaultMenu@CDocument@@UAEPAUHMENU__@@XZ 0040d79c     mfc42:MFC42.DLL
 0004:000007a0       __imp_?UpdateFrameCounts@CDocument@@UAEXXZ 0040d7a0     mfc42:MFC42.DLL
 0004:000007a4       __imp_?DoFileSave@CDocument@@UAEHXZ 0040d7a4     mfc42:MFC42.DLL
 0004:000007a8       __imp_?DoSave@CDocument@@UAEHPBDH@Z 0040d7a8     mfc42:MFC42.DLL
 0004:000007ac       __imp_?PreCloseFrame@CDocument@@UAEXPAVCFrameWnd@@@Z 0040d7ac     mfc42:MFC42.DLL
 0004:000007b0       __imp_?SaveModified@CDocument@@UAEHXZ 0040d7b0     mfc42:MFC42.DLL
 0004:000007b4       __imp_?CanCloseFrame@CDocument@@UAEHPAVCFrameWnd@@@Z 0040d7b4     mfc42:MFC42.DLL
 0004:000007b8       __imp_?ReleaseFile@CDocument@@UAEXPAVCFile@@H@Z 0040d7b8     mfc42:MFC42.DLL
 0004:000007bc       __imp_?GetFile@CDocument@@UAEPAVCFile@@PBDIPAVCFileException@@@Z 0040d7bc     mfc42:MFC42.DLL
 0004:000007c0       __imp_?ReportSaveLoadException@CDocument@@UAEXPBDPAVCException@@HI@Z 0040d7c0     mfc42:MFC42.DLL
 0004:000007c4       __imp_?OnCloseDocument@CDocument@@UAEXXZ 0040d7c4     mfc42:MFC42.DLL
 0004:000007c8       __imp_?OnSaveDocument@CDocument@@UAEHPBD@Z 0040d7c8     mfc42:MFC42.DLL
 0004:000007cc       __imp_?OnOpenDocument@CDocument@@UAEHPBD@Z 0040d7cc     mfc42:MFC42.DLL
 0004:000007d0       __imp_?DeleteContents@CDocument@@UAEXXZ 0040d7d0     mfc42:MFC42.DLL
 0004:000007d4       __imp_?OnChangedViewList@CDocument@@UAEXXZ 0040d7d4     mfc42:MFC42.DLL
 0004:000007d8       __imp_?GetNextView@CDocument@@UBEPAVCView@@AAPAU__POSITION@@@Z 0040d7d8     mfc42:MFC42.DLL
 0004:000007dc       __imp_?GetFirstViewPosition@CDocument@@UBEPAU__POSITION@@XZ 0040d7dc     mfc42:MFC42.DLL
 0004:000007e0       __imp_?SetPathName@CDocument@@UAEXPBDH@Z 0040d7e0     mfc42:MFC42.DLL
 0004:000007e4       __imp_?SetTitle@CDocument@@UAEXPBD@Z 0040d7e4     mfc42:MFC42.DLL
 0004:000007e8       __imp_?OnFinalRelease@CDocument@@UAEXXZ 0040d7e8     mfc42:MFC42.DLL
 0004:000007ec       __imp_?OnCmdMsg@CDocument@@UAEHIHPAXPAUAFX_CMDHANDLERINFO@@@Z 0040d7ec     mfc42:MFC42.DLL
 0004:000007f0       __imp_??0CDocument@@QAE@XZ 0040d7f0     mfc42:MFC42.DLL
 0004:000007f4       __imp_??1CDocument@@UAE@XZ 0040d7f4     mfc42:MFC42.DLL
 0004:000007f8       __imp_?OnNewDocument@CDocument@@UAEHXZ 0040d7f8     mfc42:MFC42.DLL
 0004:000007fc       __imp_?OnFilePrintPreview@CView@@IAEXXZ 0040d7fc     mfc42:MFC42.DLL
 0004:00000800       __imp_?OnFilePrint@CView@@IAEXXZ 0040d800     mfc42:MFC42.DLL
 0004:00000804       __imp_?classCView@CView@@2UCRuntimeClass@@B 0040d804     mfc42:MFC42.DLL
 0004:00000808       __imp_?messageMap@CView@@1UAFX_MSGMAP@@B 0040d808     mfc42:MFC42.DLL
 0004:0000080c       __imp_?OnEndPrintPreview@CView@@MAEXPAVCDC@@PAUCPrintInfo@@UtagPOINT@@PAVCPreviewView@@@Z 0040d80c     mfc42:MFC42.DLL
 0004:00000810       __imp_?OnPrint@CView@@MAEXPAVCDC@@PAUCPrintInfo@@@Z 0040d810     mfc42:MFC42.DLL
 0004:00000814       \177MFC42_NULL_THUNK_DATA  0040d814     mfc42:MFC42.DLL
 0004:00000818       __imp___controlfp          0040d818     msvcrt:MSVCRT.dll
 0004:0000081c       __imp____set_app_type      0040d81c     msvcrt:MSVCRT.dll
 0004:00000820       __imp____p__fmode          0040d820     msvcrt:MSVCRT.dll
 0004:00000824       __imp____p__commode        0040d824     msvcrt:MSVCRT.dll
 0004:00000828       __imp___adjust_fdiv        0040d828     msvcrt:MSVCRT.dll
 0004:0000082c       __imp____setusermatherr    0040d82c     msvcrt:MSVCRT.dll
 0004:00000830       __imp___initterm           0040d830     msvcrt:MSVCRT.dll
 0004:00000834       __imp____getmainargs       0040d834     msvcrt:MSVCRT.dll
 0004:00000838       __imp___acmdln             0040d838     msvcrt:MSVCRT.dll
 0004:0000083c       __imp__exit                0040d83c     msvcrt:MSVCRT.dll
 0004:00000840       __imp___XcptFilter         0040d840     msvcrt:MSVCRT.dll
 0004:00000844       __imp___exit               0040d844     msvcrt:MSVCRT.dll
 0004:00000848       __imp___except_handler3    0040d848     msvcrt:MSVCRT.dll
 0004:0000084c       __imp___onexit             0040d84c     msvcrt:MSVCRT.dll
 0004:00000850       __imp____dllonexit         0040d850     msvcrt:MSVCRT.dll
 0004:00000854       __imp___finite             0040d854     msvcrt:MSVCRT.dll
 0004:00000858       __imp___CIcosh             0040d858     msvcrt:MSVCRT.dll
 0004:0000085c       __imp___CIsinh             0040d85c     msvcrt:MSVCRT.dll
 0004:00000860       __imp____CxxFrameHandler   0040d860     msvcrt:MSVCRT.dll
 0004:00000864       __imp___purecall           0040d864     msvcrt:MSVCRT.dll
 0004:00000868       __imp___ftol               0040d868     msvcrt:MSVCRT.dll
 0004:0000086c       __imp__ldexp               0040d86c     msvcrt:MSVCRT.dll
 0004:00000870       __imp__frexp               0040d870     msvcrt:MSVCRT.dll
 0004:00000874       __imp__modf                0040d874     msvcrt:MSVCRT.dll
 0004:00000878       __imp___setmbcp            0040d878     msvcrt:MSVCRT.dll
 0004:0000087c       \177MSVCRT_NULL_THUNK_DATA 0040d87c     msvcrt:MSVCRT.dll
 0004:00000880       __imp__glCallList@4        0040d880     opengl32:OPENGL32.dll
 0004:00000884       __imp__glRotated@32        0040d884     opengl32:OPENGL32.dll
 0004:00000888       __imp__glTranslated@24     0040d888     opengl32:OPENGL32.dll
 0004:0000088c       __imp__wglMakeCurrent@8    0040d88c     opengl32:OPENGL32.dll
 0004:00000890       __imp__wglCreateContext@4  0040d890     opengl32:OPENGL32.dll
 0004:00000894       __imp__wglGetCurrentDC@0   0040d894     opengl32:OPENGL32.dll
 0004:00000898       __imp__glFlush@0           0040d898     opengl32:OPENGL32.dll
 0004:0000089c       __imp__glClear@4           0040d89c     opengl32:OPENGL32.dll
 0004:000008a0       __imp__glClearColor@16     0040d8a0     opengl32:OPENGL32.dll
 0004:000008a4       __imp__glOrtho@48          0040d8a4     opengl32:OPENGL32.dll
 0004:000008a8       __imp__glLoadIdentity@0    0040d8a8     opengl32:OPENGL32.dll
 0004:000008ac       __imp__glMatrixMode@4      0040d8ac     opengl32:OPENGL32.dll
 0004:000008b0       __imp__glViewport@16       0040d8b0     opengl32:OPENGL32.dll
 0004:000008b4       __imp__glMultMatrixd@4     0040d8b4     opengl32:OPENGL32.dll
 0004:000008b8       __imp__glScaled@24         0040d8b8     opengl32:OPENGL32.dll
 0004:000008bc       __imp__glGetDoublev@8      0040d8bc     opengl32:OPENGL32.dll
 0004:000008c0       \177OPENGL32_NULL_THUNK_DATA 0040d8c0     opengl32:OPENGL32.dll
 0004:000008c4       __imp__InvalidateRect@12   0040d8c4     user32:USER32.dll
 0004:000008c8       __imp__SendMessageA@16     0040d8c8     user32:USER32.dll
 0004:000008cc       __imp__IsWindow@4          0040d8cc     user32:USER32.dll
 0004:000008d0       __imp__EnableWindow@8      0040d8d0     user32:USER32.dll
 0004:000008d4       __imp__UpdateWindow@4      0040d8d4     user32:USER32.dll
 0004:000008d8       \177USER32_NULL_THUNK_DATA 0040d8d8     user32:USER32.dll

 entry point at        0001:000062b4

 Static symbols

 0001:00005bb0       _$E2                       00406bb0 f   TRANS3.OBJ
 0001:00005bc0       _$E1                       00406bc0 f   TRANS3.OBJ
 0001:00005bf0       _$E20                      00406bf0 f   TRANS3.OBJ
 0001:00005c00       _$E19                      00406c00 f   TRANS3.OBJ
 0001:00005b20       _$E2                       00406b20 f   PolyhedronDoctor.obj
 0001:00005b30       _$E1                       00406b30 f   PolyhedronDoctor.obj
 0001:00005b60       _$E20                      00406b60 f   PolyhedronDoctor.obj
 0001:00005b70       _$E19                      00406b70 f   PolyhedronDoctor.obj
 0001:00005a90       _$E2                       00406a90 f   maxConvPolyInPolyNR3d.obj
 0001:00005aa0       _$E1                       00406aa0 f   maxConvPolyInPolyNR3d.obj
 0001:00005ae0       _$E5                       00406ae0 f   maxConvPolyInPolyNR3d.obj
 0001:00005af0       _$E4                       00406af0 f   maxConvPolyInPolyNR3d.obj
 0001:000059e0       _$E2                       004069e0 f   filePYH_ExtraBody.obj
 0001:000059f0       _$E1                       004069f0 f   filePYH_ExtraBody.obj
 0001:00005a30       _$E5                       00406a30 f   filePYH_ExtraBody.obj
 0001:00005a40       _$E4                       00406a40 f   filePYH_ExtraBody.obj
 0001:00005990       _$E2                       00406990 f   filePYH_Body.obj
 0001:000059a0       _$E1                       004069a0 f   filePYH_Body.obj
 0001:00005900       _$E2                       00406900 f   ExtraBody.obj
 0001:00005910       _$E1                       00406910 f   ExtraBody.obj
 0001:00005940       _$E20                      00406940 f   ExtraBody.obj
 0001:00005950       _$E19                      00406950 f   ExtraBody.obj
 0001:000058b0       _$E2                       004068b0 f   ex_opti3d.obj
 0001:000058c0       _$E1                       004068c0 f   ex_opti3d.obj
 0001:00005820       _$E2                       00406820 f   ex_intersect3d.obj
 0001:00005830       _$E1                       00406830 f   ex_intersect3d.obj
 0001:00005860       _$E20                      00406860 f   ex_intersect3d.obj
 0001:00005870       _$E19                      00406870 f   ex_intersect3d.obj
 0001:00005790       _$E2                       00406790 f   Body2Func.obj
 0001:000057a0       _$E1                       004067a0 f   Body2Func.obj
 0001:000057e0       _$E5                       004067e0 f   Body2Func.obj
 0001:000057f0       _$E4                       004067f0 f   Body2Func.obj
 0001:00005700       _$E2                       00406700 f   BODY2.OBJ
 0001:00005710       _$E1                       00406710 f   BODY2.OBJ
 0001:00005740       _$E20                      00406740 f   BODY2.OBJ
 0001:00005750       _$E19                      00406750 f   BODY2.OBJ
 0001:000056b0       _$E2                       004066b0 f   Vector3d_test.obj
 0001:000056c0       _$E1                       004066c0 f   Vector3d_test.obj
 0001:00005670       _$E2                       00406670 f   Vector2d_test.obj
 0001:00005680       _$E1                       00406680 f   Vector2d_test.obj
 0001:000055e0       _$E2                       004065e0 f   trian3d_test.obj
 0001:000055f0       _$E1                       004065f0 f   trian3d_test.obj
 0001:00005630       _$E5                       00406630 f   trian3d_test.obj
 0001:00005640       _$E4                       00406640 f   trian3d_test.obj
 0001:00005550       _$E29                      00406550 f   trian2d_test.obj
 0001:00005560       _$E28                      00406560 f   trian2d_test.obj
 0001:00005590       _$E47                      00406590 f   trian2d_test.obj
 0001:000055a0       _$E46                      004065a0 f   trian2d_test.obj
 0001:000054c0       _$E2                       004064c0 f   S2D_Model_test.obj
 0001:000054d0       _$E1                       004064d0 f   S2D_Model_test.obj
 0001:00005500       _$E20                      00406500 f   S2D_Model_test.obj
 0001:00005510       _$E19                      00406510 f   S2D_Model_test.obj
 0001:00005430       _$E2                       00406430 f   recon_test.obj
 0001:00005440       _$E1                       00406440 f   recon_test.obj
 0001:00005470       _$E20                      00406470 f   recon_test.obj
 0001:00005480       _$E19                      00406480 f   recon_test.obj
 0001:00005310       _$E2                       00406310 f   rand_test.obj
 0001:00005320       _$E1                       00406320 f   rand_test.obj
 0001:00005350       _$E20                      00406350 f   rand_test.obj
 0001:00005360       _$E19                      00406360 f   rand_test.obj
 0001:000053a0       _$E32                      004063a0 f   rand_test.obj
 0001:000053b0       _$E31                      004063b0 f   rand_test.obj
 0001:000053d0       _$E35                      004063d0 f   rand_test.obj
 0001:000053e0       _$E34                      004063e0 f   rand_test.obj
 0001:00005400       _$E38                      00406400 f   rand_test.obj
 0001:00005410       _$E37                      00406410 f   rand_test.obj
 0001:000052c0       _$E2                       004062c0 f   PolyhedronErrorRecipient.obj
 0001:000052d0       _$E1                       004062d0 f   PolyhedronErrorRecipient.obj
 0001:00005230       _$E2                       00406230 f   polyhedron_test.obj
 0001:00005240       _$E1                       00406240 f   polyhedron_test.obj
 0001:00005280       _$E5                       00406280 f   polyhedron_test.obj
 0001:00005290       _$E4                       00406290 f   polyhedron_test.obj
 0001:000051a0       _$E2                       004061a0 f   opti3d_test.obj
 0001:000051b0       _$E1                       004061b0 f   opti3d_test.obj
 0001:000051e0       _$E20                      004061e0 f   opti3d_test.obj
 0001:000051f0       _$E19                      004061f0 f   opti3d_test.obj
 0001:00005110       _$E2                       00406110 f   opti2d_test.obj
 0001:00005120       _$E1                       00406120 f   opti2d_test.obj
 0001:00005150       _$E20                      00406150 f   opti2d_test.obj
 0001:00005160       _$E19                      00406160 f   opti2d_test.obj
 0001:00005080       _$E2                       00406080 f   moment2d_test.obj
 0001:00005090       _$E1                       00406090 f   moment2d_test.obj
 0001:000050c0       _$E20                      004060c0 f   moment2d_test.obj
 0001:000050d0       _$E19                      004060d0 f   moment2d_test.obj
 0001:00004ff0       _$E2                       00405ff0 f   math_test.obj
 0001:00005000       _$E1                       00406000 f   math_test.obj
 0001:00005030       _$E20                      00406030 f   math_test.obj
 0001:00005040       _$E19                      00406040 f   math_test.obj
 0001:00004f60       _$E2                       00405f60 f   intersect3d_test.obj
 0001:00004f70       _$E1                       00405f70 f   intersect3d_test.obj
 0001:00004fa0       _$E20                      00405fa0 f   intersect3d_test.obj
 0001:00004fb0       _$E19                      00405fb0 f   intersect3d_test.obj
 0001:00004ed0       _$E2                       00405ed0 f   intersect2d_test.obj
 0001:00004ee0       _$E1                       00405ee0 f   intersect2d_test.obj
 0001:00004f10       _$E20                      00405f10 f   intersect2d_test.obj
 0001:00004f20       _$E19                      00405f20 f   intersect2d_test.obj
 0001:00004e40       _$E2                       00405e40 f   func4d_test.obj
 0001:00004e50       _$E1                       00405e50 f   func4d_test.obj
 0001:00004e80       _$E20                      00405e80 f   func4d_test.obj
 0001:00004e90       _$E19                      00405e90 f   func4d_test.obj
 0001:00004db0       _$E2                       00405db0 f   func3d_test.obj
 0001:00004dc0       _$E1                       00405dc0 f   func3d_test.obj
 0001:00004e00       _$E5                       00405e00 f   func3d_test.obj
 0001:00004e10       _$E4                       00405e10 f   func3d_test.obj
 0001:00004d20       _$E2                       00405d20 f   func2d_test.obj
 0001:00004d30       _$E1                       00405d30 f   func2d_test.obj
 0001:00004d60       _$E20                      00405d60 f   func2d_test.obj
 0001:00004d70       _$E19                      00405d70 f   func2d_test.obj
 0001:00004c90       _$E2                       00405c90 f   filePYH_test.obj
 0001:00004ca0       _$E1                       00405ca0 f   filePYH_test.obj
 0001:00004ce0       _$E5                       00405ce0 f   filePYH_test.obj
 0001:00004cf0       _$E4                       00405cf0 f   filePYH_test.obj
 0001:00004b30       _$E2                       00405b30 f   Display.obj
 0001:00004b40       _$E1                       00405b40 f   Display.obj
 0001:00004b70       _$E20                      00405b70 f   Display.obj
 0001:00004b80       _$E19                      00405b80 f   Display.obj
 0001:00004830       _$E2                       00405830 f   approx_test.obj
 0001:00004840       _$E1                       00405840 f   approx_test.obj
 0001:00004870       _$E20                      00405870 f   approx_test.obj
 0001:00004880       _$E19                      00405880 f   approx_test.obj
 0001:000047a0       _$E2                       004057a0 f   approx3d_test.obj
 0001:000047b0       _$E1                       004057b0 f   approx3d_test.obj
 0001:000047e0       _$E20                      004057e0 f   approx3d_test.obj
 0001:000047f0       _$E19                      004057f0 f   approx3d_test.obj
 0001:00004710       _$E2                       00405710 f   approx2d_test.obj
 0001:00004720       _$E1                       00405720 f   approx2d_test.obj
 0001:00004750       _$E20                      00405750 f   approx2d_test.obj
 0001:00004760       _$E19                      00405760 f   approx2d_test.obj
 0001:000046c0       _$E2                       004056c0 f   Vector3d.obj
 0001:000046d0       _$E1                       004056d0 f   Vector3d.obj
 0001:000042c0       _$E2                       004052c0 f   Vector2d.obj
 0001:000042d0       _$E1                       004052d0 f   Vector2d.obj
 0001:00004300       _$E20                      00405300 f   Vector2d.obj
 0001:00004310       _$E19                      00405310 f   Vector2d.obj
 0001:00004340       _$E23                      00405340 f   Vector2d.obj
 0001:00004350       _$E22                      00405350 f   Vector2d.obj
 0001:00004380       _$E26                      00405380 f   Vector2d.obj
 0001:00004390       _$E25                      00405390 f   Vector2d.obj
 0001:000043c0       _$E29                      004053c0 f   Vector2d.obj
 0001:000043d0       _$E28                      004053d0 f   Vector2d.obj
 0001:00004400       _$E32                      00405400 f   Vector2d.obj
 0001:00004410       _$E31                      00405410 f   Vector2d.obj
 0001:00004440       _$E35                      00405440 f   Vector2d.obj
 0001:00004450       _$E34                      00405450 f   Vector2d.obj
 0001:00004480       _$E38                      00405480 f   Vector2d.obj
 0001:00004490       _$E37                      00405490 f   Vector2d.obj
 0001:000044c0       _$E41                      004054c0 f   Vector2d.obj
 0001:000044d0       _$E40                      004054d0 f   Vector2d.obj
 0001:00004500       _$E44                      00405500 f   Vector2d.obj
 0001:00004510       _$E43                      00405510 f   Vector2d.obj
 0001:00004540       _$E47                      00405540 f   Vector2d.obj
 0001:00004550       _$E46                      00405550 f   Vector2d.obj
 0001:00004580       _$E50                      00405580 f   Vector2d.obj
 0001:00004590       _$E49                      00405590 f   Vector2d.obj
 0001:000045c0       _$E53                      004055c0 f   Vector2d.obj
 0001:000045d0       _$E52                      004055d0 f   Vector2d.obj
 0001:00004600       _$E56                      00405600 f   Vector2d.obj
 0001:00004610       _$E55                      00405610 f   Vector2d.obj
 0001:00004640       _$E59                      00405640 f   Vector2d.obj
 0001:00004650       _$E58                      00405650 f   Vector2d.obj
 0001:00004680       _$E62                      00405680 f   Vector2d.obj
 0001:00004690       _$E61                      00405690 f   Vector2d.obj
 0001:00004270       _$E2                       00405270 f   trian3d.obj
 0001:00004280       _$E1                       00405280 f   trian3d.obj
 0001:00004230       _$E2                       00405230 f   trian2d.obj
 0001:00004240       _$E1                       00405240 f   trian2d.obj
 0001:000041a0       _$E2                       004051a0 f   TRANS.OBJ
 0001:000041b0       _$E1                       004051b0 f   TRANS.OBJ
 0001:000041e0       _$E20                      004051e0 f   TRANS.OBJ
 0001:000041f0       _$E19                      004051f0 f   TRANS.OBJ
 0001:00004160       _$E2                       00405160 f   Timer.obj
 0001:00004170       _$E1                       00405170 f   Timer.obj
 0001:00004140       _$E2                       00405140 f   ShevList.obj
 0001:00004150       _$E1                       00405150 f   ShevList.obj
 0001:00004070       _$E2                       00405070 f   Rand.obj
 0001:00004080       _$E1                       00405080 f   Rand.obj
 0001:000040b0       _$E20                      004050b0 f   Rand.obj
 0001:000040c0       _$E19                      004050c0 f   Rand.obj
 0001:000040e0       _$E23                      004050e0 f   Rand.obj
 0001:000040f0       _$E22                      004050f0 f   Rand.obj
 0001:00002ea0       ?printf_va@@YA_NAAVIWriteFile@@PBDPAD@Z 00403ea0 f   printf.obj
 0001:00001fa0       _$E2                       00402fa0 f   Polyhedron.obj
 0001:00001fb0       _$E1                       00402fb0 f   Polyhedron.obj
 0001:00001ff0       _$E5                       00402ff0 f   Polyhedron.obj
 0001:00002000       _$E4                       00403000 f   Polyhedron.obj
 0001:00001f50       _$E2                       00402f50 f   Poly3gon.obj
 0001:00001f60       _$E1                       00402f60 f   Poly3gon.obj
 0001:00001f00       _$E2                       00402f00 f   opti3d_2.obj
 0001:00001f10       _$E1                       00402f10 f   opti3d_2.obj
 0001:00001e70       _$E2                       00402e70 f   opti3d.obj
 0001:00001e80       _$E1                       00402e80 f   opti3d.obj
 0001:00001eb0       _$E20                      00402eb0 f   opti3d.obj
 0001:00001ec0       _$E19                      00402ec0 f   opti3d.obj
 0001:00001de0       _$E2                       00402de0 f   opti2d_4.obj
 0001:00001df0       _$E1                       00402df0 f   opti2d_4.obj
 0001:00001e20       _$E20                      00402e20 f   opti2d_4.obj
 0001:00001e30       _$E19                      00402e30 f   opti2d_4.obj
 0001:00001d50       _$E2                       00402d50 f   opti2d_3d.obj
 0001:00001d60       _$E1                       00402d60 f   opti2d_3d.obj
 0001:00001d90       _$E20                      00402d90 f   opti2d_3d.obj
 0001:00001da0       _$E19                      00402da0 f   opti2d_3d.obj
 0001:00001cc0       _$E2                       00402cc0 f   opti2d_2.obj
 0001:00001cd0       _$E1                       00402cd0 f   opti2d_2.obj
 0001:00001d00       _$E20                      00402d00 f   opti2d_2.obj
 0001:00001d10       _$E19                      00402d10 f   opti2d_2.obj
 0001:00001c30       _$E2                       00402c30 f   opti2d.obj
 0001:00001c40       _$E1                       00402c40 f   opti2d.obj
 0001:00001c70       _$E20                      00402c70 f   opti2d.obj
 0001:00001c80       _$E19                      00402c80 f   opti2d.obj
 0001:00001bb0       _$E2                       00402bb0 f   opti1d.obj
 0001:00001bc0       _$E1                       00402bc0 f   opti1d.obj
 0001:00001bd0       _$E5                       00402bd0 f   opti1d.obj
 0001:00001be0       _$E4                       00402be0 f   opti1d.obj
 0001:00001c00       _$E8                       00402c00 f   opti1d.obj
 0001:00001c10       _$E7                       00402c10 f   opti1d.obj
 0001:00001b30       _$E2                       00402b30 f   moment3d.obj
 0001:00001b40       _$E1                       00402b40 f   moment3d.obj
 0001:00001af0       _$E2                       00402af0 f   moment2d.obj
 0001:00001b00       _$E1                       00402b00 f   moment2d.obj
 0001:00001a60       _$E2                       00402a60 f   Micro.obj
 0001:00001a70       _$E1                       00402a70 f   Micro.obj
 0001:00001aa0       _$E20                      00402aa0 f   Micro.obj
 0001:00001ab0       _$E19                      00402ab0 f   Micro.obj
 0001:00001a40       _$E2                       00402a40 f   Mathem.obj
 0001:00001a50       _$E1                       00402a50 f   Mathem.obj
 0001:000019f0       _$E2                       004029f0 f   MarchingCubes.obj
 0001:00001a00       _$E1                       00402a00 f   MarchingCubes.obj
 0001:00001960       _$E2                       00402960 f   ioSTL.obj
 0001:00001970       _$E1                       00402970 f   ioSTL.obj
 0001:000019a0       _$E20                      004029a0 f   ioSTL.obj
 0001:000019b0       _$E19                      004029b0 f   ioSTL.obj
 0001:000018d0       _$E2                       004028d0 f   intersect3d.obj
 0001:000018e0       _$E1                       004028e0 f   intersect3d.obj
 0001:00001910       _$E20                      00402910 f   intersect3d.obj
 0001:00001920       _$E19                      00402920 f   intersect3d.obj
 0001:00001890       _$E2                       00402890 f   intersect2d.obj
 0001:000018a0       _$E1                       004028a0 f   intersect2d.obj
 0001:00001800       _$E2                       00402800 f   func3d.obj
 0001:00001810       _$E1                       00402810 f   func3d.obj
 0001:00001850       _$E5                       00402850 f   func3d.obj
 0001:00001860       _$E4                       00402860 f   func3d.obj
 0001:000017c0       _$E2                       004027c0 f   func2d.obj
 0001:000017d0       _$E1                       004027d0 f   func2d.obj
 0001:00001770       _$E2                       00402770 f   filePYH.obj
 0001:00001780       _$E1                       00402780 f   filePYH.obj
 0001:000016e0       _$E2                       004026e0 f   approx3d.obj
 0001:000016f0       _$E1                       004026f0 f   approx3d.obj
 0001:00001720       _$E20                      00402720 f   approx3d.obj
 0001:00001730       _$E19                      00402730 f   approx3d.obj
 0001:000016a0       _$E2                       004026a0 f   approx2d.obj
 0001:000016b0       _$E1                       004026b0 f   approx2d.obj
 0001:00001660       _$E2                       00402660 f   approx.obj
 0001:00001670       _$E1                       00402670 f   approx.obj
 0001:00000bd0       _$E214                     00401bd0 f   ShevTest.obj
 0001:00000be0       _$E211                     00401be0 f   ShevTest.obj
 0001:00000bf0       _$E213                     00401bf0 f   ShevTest.obj
 0001:00000c00       _$E212                     00401c00 f   ShevTest.obj
 0001:00000560       _$E204                     00401560 f   draw.obj
 0001:00000570       _$E203                     00401570 f   draw.obj
 0001:000005a0       _$E222                     004015a0 f   draw.obj
 0001:000005b0       _$E221                     004015b0 f   draw.obj
 0001:00000200       _$E205                     00401200 f   DisplayPanel.obj
 0001:00000210       _$E202                     00401210 f   DisplayPanel.obj
 0001:00000220       _$E204                     00401220 f   DisplayPanel.obj
 0001:00000230       _$E203                     00401230 f   DisplayPanel.obj
 0001:000003d0       _$E210                     004013d0 f   DisplayPanel.obj
 0001:000003e0       _$E207                     004013e0 f   DisplayPanel.obj
 0001:000003f0       _$E209                     004013f0 f   DisplayPanel.obj
 0001:00000400       _$E208                     00401400 f   DisplayPanel.obj
 0001:000004d0       _$E213                     004014d0 f   DisplayPanel.obj
 0001:000004e0       _$E212                     004014e0 f   DisplayPanel.obj
 0001:00006487       _$E373                     00407487 f   mfcs42:appmodul.obj
 0001:0000648c       _$E372                     0040748c f   mfcs42:appmodul.obj

FIXUPS: 154b 5f0c 8 29 c ffffffa1 fffffeea 19 f 33 6a 1b fffffd05 d ffffa038
FIXUPS: 1158 638c b a ffff9c8a 12 1f b 39 9 5 12 e 10 ed 11 4a 11 42 5
FIXUPS: 13e6 10 10 3b 60c3 a ffff9f75 31 d 10 50 385 21 2d 30 30 30 30
FIXUPS: 19e4 25 1c 28 30 30 30 30 30 14 fffffa10 40 fffffa88 12 18 17 644a
FIXUPS: 74bf e a ffff9bfd d 13 d 3b c71 11 11 57d5 a ffffa05e 1a 5eff b
FIXUPS: 1656 68 13 10 5e63 e a ffffa1e8 d 41 10 f 5db3 e a ffffa260 3f
FIXUPS: 182b 1c 12 10 c c 653 d 16 a fffffc85 1e d 10 10 5 10 10 10 26
FIXUPS: 1c38 9 7 2e 14 9 14 c 15 1c 1e 5883 9 a ffffa790 1c d 10 940 ffffffc0
FIXUPS: 1f29 1a 56a2 b ffffa9c4 20 d 53 55d0 a ffffaa4f 35 21 19 ab 43
FIXUPS: 7625 b ffffac66 27 b6 12 a3 3f 11 fffff991 1a 57a2 b ffffa8c4 fdd
FIXUPS: 2eb1 ffffff30 40 ffffff30 40 ffffff30 40 ffffff30 40 ffffff40 10
FIXUPS: 2bd1 30 ffffff30 ffffffc0 ffffff70 40 ffffffa0 10 ffffffa0 ffffff70
FIXUPS: 29a1 ffffff30 40 ffffff80 ffffff70 50 ffffff70 ffffffb0 ffffff70
FIXUPS: 2721 21cd 2d 76 31 30 e0 20 1a 7c 1f 8c 7f 18 6f 7b 2e 28 1c 29
FIXUPS: 4e92 28 15 73 19 14 5d 18 74 ffffdf49 50 ffffff60 ffffffb0 b02
FIXUPS: 3a0c 10f 3b29 a ffffc559 8c 28 a3 122 34 3c 425 23 a a7 15 6e 29
FIXUPS: 44c9 13 14 6a f5 15 66 65 56 4d 2e95 a ffffd253 cfd 40 40 40 fffffbf0
FIXUPS: 5231 ffffff70 40 ffffff80 ffffffe0 ffffff30 40 30 ffffdf7d 216
FIXUPS: 327d 1cf 9 135 9 8e 93 53 6f d 104 34 17 26 1f 31 64 20c3 19 1a
FIXUPS: 5aa9 7 7 c a 13 7 7 7 2c fffffd10 40 ffffff30 40 ffffff30 40 ffffff70
FIXUPS: 52c1 40 40 40 40 40 40 40 40 40 40 40 e80 fffffec0 ffffff70 50
FIXUPS: 61a1 40 ffffff30 40 ffffff30 40 ffffff30 40 ffffff30 40 ffffff30
FIXUPS: 5f11 ffffff30 40 ffffff30 50 ffffff20 40 ffffff30 50 fffffe50 40
FIXUPS: 5c52 fffffcbd 75 13 a0 19 1161 40 ffffff30 40 ffffff30 50 ffffff00
FIXUPS: 6a31 ffffff60 ffffff70 40 ffffff70 ffffff70 40 ffffff30 50 ffffff20
FIXUPS: 6741 ffffff70 ffffffc0 ffffff70 50 ffffff20 40 ffffff30 40 ffffff30
FIXUPS: 6471 fffffea0 40 50 30

 240 bytes saved through ICF

